Gym has been unmaintained since 2022 and does not support NumPy 2.0 amongst other critical functionality.
Please upgrade to Gymnasium, the maintained drop-in replacement of Gym, or contact the authors of your software and request that they upgrade.
See the migration guide at https://gymnasium.farama.org/introduction/migration_guide/ for additional information.
########################
logging outputs to  /home/nick12138/projects/16831-F26-HW/hw2/rob831/scripts/../../data/q4_search_b10000_lr0.02_rtg_nnbaseline_HalfCheetah-v4_29-09-2026_11-14-04
########################
GPU not detected. Defaulting to CPU.
/home/nick12138/projects/16831-F26-HW/.conda/rob831/lib/python3.10/site-packages/Cython/Distutils/old_build_ext.py:15: DeprecationWarning: dep_util is Deprecated. Use functions from setuptools instead.
  from distutils.dep_util import newer, newer_group
<frozen importlib._bootstrap>:283: DeprecationWarning: the load_module() method is deprecated and slated for removal in Python 3.12; use exec_module() instead
/home/nick12138/projects/16831-F26-HW/.conda/rob831/lib/python3.10/site-packages/gym/core.py:329: DeprecationWarning: [33mWARN: Initializing wrapper in old step API which returns one bool instead of two. It is recommended to set `new_step_api=True` to use new step API. This will be the default behaviour in future.[0m
  deprecation(
/home/nick12138/projects/16831-F26-HW/.conda/rob831/lib/python3.10/site-packages/gym/wrappers/step_api_compatibility.py:39: DeprecationWarning: [33mWARN: Initializing environment in old step API which returns one bool instead of two. It is recommended to set `new_step_api=True` to use new step API. This will be the default behaviour in future.[0m
  deprecation(
/home/nick12138/projects/16831-F26-HW/.conda/rob831/lib/python3.10/site-packages/gym/core.py:268: DeprecationWarning: [33mWARN: Function `env.seed(seed)` is marked as deprecated and will be removed in the future. Please use `env.reset(seed=seed)` instead.[0m
  deprecation(
/home/nick12138/projects/16831-F26-HW/.conda/rob831/lib/python3.10/site-packages/matplotlib/_fontconfig_pattern.py:64: PyparsingDeprecationWarning: 'oneOf' deprecated - use 'one_of'
  prop = Group((name + Suppress("=") + comma_separated(value)) | oneOf(_CONSTANTS))
/home/nick12138/projects/16831-F26-HW/.conda/rob831/lib/python3.10/site-packages/matplotlib/_fontconfig_pattern.py:85: PyparsingDeprecationWarning: 'parseString' deprecated - use 'parse_string'
  parse = parser.parseString(pattern)
/home/nick12138/projects/16831-F26-HW/.conda/rob831/lib/python3.10/site-packages/matplotlib/_fontconfig_pattern.py:89: PyparsingDeprecationWarning: 'resetCache' deprecated - use 'reset_cache'
  parser.resetCache()


********** Iteration 0 ************
/home/nick12138/projects/16831-F26-HW/.conda/rob831/lib/python3.10/site-packages/gym/utils/passive_env_checker.py:241: DeprecationWarning: `np.bool8` is a deprecated alias for `np.bool_`.  (Deprecated NumPy 1.24)
  if not isinstance(terminated, (bool, np.bool8)):

Beginning logging procedure...

Collecting data for eval...
Eval_AverageReturn : -110.60540771484375
/home/nick12138/projects/16831-F26-HW/.conda/rob831/lib/python3.10/site-packages/tensorboardX/summary.py:153: DeprecationWarning: Conversion of an array with ndim > 0 to a scalar is deprecated, and will error in future. Ensure you extract a single element from your array before performing this operation. (Deprecated NumPy 1.25.)
  scalar = float(scalar)
Eval_StdReturn : 48.23823547363281
Eval_MaxReturn : -44.49503707885742
Eval_MinReturn : -158.2364501953125
Eval_AverageEpLen : 150.0
Train_AverageReturn : -97.34636688232422
Train_StdReturn : 33.78559494018555
Train_MaxReturn : -9.441076278686523
Train_MinReturn : -182.82412719726562
Train_AverageEpLen : 150.0
Train_EnvstepsSoFar : 10050
TimeSinceStart : 2.1506357192993164
Training Loss : -0.0672745332121849
Baseline Loss : 1.0191559791564941
Initial_DataCollection_AverageReturn : -97.34636688232422
Done logging...




********** Iteration 1 ************

Beginning logging procedure...

Collecting data for eval...
Eval_AverageReturn : -89.87813568115234
Eval_StdReturn : 5.78424072265625
Eval_MaxReturn : -82.84565734863281
Eval_MinReturn : -97.01298522949219
Eval_AverageEpLen : 150.0
Train_AverageReturn : -84.09716796875
Train_StdReturn : 29.01308822631836
Train_MaxReturn : -20.91710090637207
Train_MinReturn : -154.66943359375
Train_AverageEpLen : 150.0
Train_EnvstepsSoFar : 20100
TimeSinceStart : 4.549213886260986
Training Loss : -0.05492161959409714
Baseline Loss : 1.2187172174453735
Initial_DataCollection_AverageReturn : -97.34636688232422
Done logging...




********** Iteration 2 ************

Beginning logging procedure...

Collecting data for eval...
Eval_AverageReturn : -56.95182800292969
Eval_StdReturn : 18.40660285949707
Eval_MaxReturn : -40.99945068359375
Eval_MinReturn : -82.74221801757812
Eval_AverageEpLen : 150.0
Train_AverageReturn : -82.49590301513672
Train_StdReturn : 27.019474029541016
Train_MaxReturn : -29.45347023010254
Train_MinReturn : -176.17523193359375
Train_AverageEpLen : 150.0
Train_EnvstepsSoFar : 30150
TimeSinceStart : 7.031827688217163
Training Loss : -0.07393824309110641
Baseline Loss : 1.0273489952087402
Initial_DataCollection_AverageReturn : -97.34636688232422
Done logging...




********** Iteration 3 ************

Beginning logging procedure...

Collecting data for eval...
Eval_AverageReturn : -35.3408317565918
Eval_StdReturn : 47.63874053955078
Eval_MaxReturn : 22.050212860107422
Eval_MinReturn : -94.59573364257812
Eval_AverageEpLen : 150.0
Train_AverageReturn : -71.42913055419922
Train_StdReturn : 28.14510726928711
Train_MaxReturn : 2.3315258026123047
Train_MinReturn : -126.45284271240234
Train_AverageEpLen : 150.0
Train_EnvstepsSoFar : 40200
TimeSinceStart : 9.715686082839966
Training Loss : -0.09418997913599014
Baseline Loss : 1.0147451162338257
Initial_DataCollection_AverageReturn : -97.34636688232422
Done logging...




********** Iteration 4 ************

Beginning logging procedure...

Collecting data for eval...
Eval_AverageReturn : -77.74118041992188
Eval_StdReturn : 6.689078330993652
Eval_MaxReturn : -68.59271240234375
Eval_MinReturn : -84.39983367919922
Eval_AverageEpLen : 150.0
Train_AverageReturn : -70.29155731201172
Train_StdReturn : 32.36019515991211
Train_MaxReturn : -3.7075095176696777
Train_MinReturn : -139.12171936035156
Train_AverageEpLen : 150.0
Train_EnvstepsSoFar : 50250
TimeSinceStart : 12.439365863800049
Training Loss : -0.09854566305875778
Baseline Loss : 0.9992882013320923
Initial_DataCollection_AverageReturn : -97.34636688232422
Done logging...




********** Iteration 5 ************

Beginning logging procedure...

Collecting data for eval...
Eval_AverageReturn : -79.52705383300781
Eval_StdReturn : 30.52835464477539
Eval_MaxReturn : -37.53544616699219
Eval_MinReturn : -109.21188354492188
Eval_AverageEpLen : 150.0
Train_AverageReturn : -69.07230377197266
Train_StdReturn : 34.48332214355469
Train_MaxReturn : 10.713603019714355
Train_MinReturn : -149.86184692382812
Train_AverageEpLen : 150.0
Train_EnvstepsSoFar : 60300
TimeSinceStart : 15.258934020996094
Training Loss : -0.06454605609178543
Baseline Loss : 0.9882928133010864
Initial_DataCollection_AverageReturn : -97.34636688232422
Done logging...




********** Iteration 6 ************

Beginning logging procedure...

Collecting data for eval...
Eval_AverageReturn : -44.25617980957031
Eval_StdReturn : 10.076247215270996
Eval_MaxReturn : -30.187007904052734
Eval_MinReturn : -53.25034713745117
Eval_AverageEpLen : 150.0
Train_AverageReturn : -73.039306640625
Train_StdReturn : 31.52358055114746
Train_MaxReturn : 7.270532608032227
Train_MinReturn : -150.2354736328125
Train_AverageEpLen : 150.0
Train_EnvstepsSoFar : 70350
TimeSinceStart : 18.000305891036987
Training Loss : -0.06117777153849602
Baseline Loss : 0.9704710841178894
Initial_DataCollection_AverageReturn : -97.34636688232422
Done logging...




********** Iteration 7 ************

Beginning logging procedure...

Collecting data for eval...
Eval_AverageReturn : -33.18024826049805
Eval_StdReturn : 26.123687744140625
Eval_MaxReturn : 3.721898078918457
Eval_MinReturn : -53.1624870300293
Eval_AverageEpLen : 150.0
Train_AverageReturn : -61.88712692260742
Train_StdReturn : 22.965116500854492
Train_MaxReturn : 9.623590469360352
Train_MinReturn : -127.12031555175781
Train_AverageEpLen : 150.0
Train_EnvstepsSoFar : 80400
TimeSinceStart : 20.743699312210083
Training Loss : -0.07008494436740875
Baseline Loss : 0.9659291505813599
Initial_DataCollection_AverageReturn : -97.34636688232422
Done logging...




********** Iteration 8 ************

Beginning logging procedure...

Collecting data for eval...
Eval_AverageReturn : -58.612422943115234
Eval_StdReturn : 19.69288444519043
Eval_MaxReturn : -42.78495407104492
Eval_MinReturn : -86.37138366699219
Eval_AverageEpLen : 150.0
Train_AverageReturn : -64.39630126953125
Train_StdReturn : 28.05584144592285
Train_MaxReturn : 4.061446189880371
Train_MinReturn : -122.52944946289062
Train_AverageEpLen : 150.0
Train_EnvstepsSoFar : 90450
TimeSinceStart : 23.446031093597412
Training Loss : -0.0487527921795845
Baseline Loss : 0.9535173773765564
Initial_DataCollection_AverageReturn : -97.34636688232422
Done logging...




********** Iteration 9 ************

Beginning logging procedure...

Collecting data for eval...
Eval_AverageReturn : -54.6668586730957
Eval_StdReturn : 29.399890899658203
Eval_MaxReturn : -22.433774948120117
Eval_MinReturn : -93.52766418457031
Eval_AverageEpLen : 150.0
Train_AverageReturn : -61.66356658935547
Train_StdReturn : 33.15185546875
Train_MaxReturn : 1.9581680297851562
Train_MinReturn : -136.58546447753906
Train_AverageEpLen : 150.0
Train_EnvstepsSoFar : 100500
TimeSinceStart : 26.04545569419861
Training Loss : -0.06663691997528076
Baseline Loss : 0.9401625394821167
Initial_DataCollection_AverageReturn : -97.34636688232422
Done logging...




********** Iteration 10 ************

Beginning logging procedure...

Collecting data for eval...
Eval_AverageReturn : -89.476318359375
Eval_StdReturn : 20.314651489257812
Eval_MaxReturn : -60.77996826171875
Eval_MinReturn : -105.01483154296875
Eval_AverageEpLen : 150.0
Train_AverageReturn : -60.71807098388672
Train_StdReturn : 27.299039840698242
Train_MaxReturn : -10.430022239685059
Train_MinReturn : -133.38833618164062
Train_AverageEpLen : 150.0
Train_EnvstepsSoFar : 110550
TimeSinceStart : 28.760530710220337
Training Loss : -0.05541546270251274
Baseline Loss : 0.9268161058425903
Initial_DataCollection_AverageReturn : -97.34636688232422
Done logging...




********** Iteration 11 ************

Beginning logging procedure...

Collecting data for eval...
Eval_AverageReturn : -68.96623992919922
Eval_StdReturn : 41.24291229248047
Eval_MaxReturn : -36.453887939453125
Eval_MinReturn : -127.15899658203125
Eval_AverageEpLen : 150.0
Train_AverageReturn : -60.56534194946289
Train_StdReturn : 28.8575439453125
Train_MaxReturn : 10.171905517578125
Train_MinReturn : -123.5307846069336
Train_AverageEpLen : 150.0
Train_EnvstepsSoFar : 120600
TimeSinceStart : 31.357923984527588
Training Loss : -0.0614510141313076
Baseline Loss : 0.9184916019439697
Initial_DataCollection_AverageReturn : -97.34636688232422
Done logging...




********** Iteration 12 ************

Beginning logging procedure...

Collecting data for eval...
Eval_AverageReturn : -104.51043701171875
Eval_StdReturn : 48.061798095703125
Eval_MaxReturn : -41.65209197998047
Eval_MinReturn : -158.33438110351562
Eval_AverageEpLen : 150.0
Train_AverageReturn : -59.367576599121094
Train_StdReturn : 32.73655319213867
Train_MaxReturn : 28.85816192626953
Train_MinReturn : -123.10801696777344
Train_AverageEpLen : 150.0
Train_EnvstepsSoFar : 130650
TimeSinceStart : 33.775938749313354
Training Loss : -0.06010375916957855
Baseline Loss : 0.9353370666503906
Initial_DataCollection_AverageReturn : -97.34636688232422
Done logging...




********** Iteration 13 ************

Beginning logging procedure...

Collecting data for eval...
Eval_AverageReturn : -38.14984130859375
Eval_StdReturn : 26.96018409729004
Eval_MaxReturn : -2.0900650024414062
Eval_MinReturn : -66.90571594238281
Eval_AverageEpLen : 150.0
Train_AverageReturn : -54.68095016479492
Train_StdReturn : 31.561586380004883
Train_MaxReturn : 15.321621894836426
Train_MinReturn : -150.80877685546875
Train_AverageEpLen : 150.0
Train_EnvstepsSoFar : 140700
TimeSinceStart : 36.06844353675842
Training Loss : -0.06555890291929245
Baseline Loss : 0.9157629609107971
Initial_DataCollection_AverageReturn : -97.34636688232422
Done logging...




********** Iteration 14 ************

Beginning logging procedure...

Collecting data for eval...
Eval_AverageReturn : -56.91510009765625
Eval_StdReturn : 32.695068359375
Eval_MaxReturn : -10.918249130249023
Eval_MinReturn : -83.99623107910156
Eval_AverageEpLen : 150.0
Train_AverageReturn : -47.53096389770508
Train_StdReturn : 30.475854873657227
Train_MaxReturn : 27.860517501831055
Train_MinReturn : -144.81710815429688
Train_AverageEpLen : 150.0
Train_EnvstepsSoFar : 150750
TimeSinceStart : 38.539143323898315
Training Loss : -0.0473264679312706
Baseline Loss : 0.9058053493499756
Initial_DataCollection_AverageReturn : -97.34636688232422
Done logging...




********** Iteration 15 ************

Beginning logging procedure...

Collecting data for eval...
Eval_AverageReturn : -48.43159484863281
Eval_StdReturn : 12.373529434204102
Eval_MaxReturn : -32.015995025634766
Eval_MinReturn : -61.88843536376953
Eval_AverageEpLen : 150.0
Train_AverageReturn : -46.69536590576172
Train_StdReturn : 30.075607299804688
Train_MaxReturn : 19.673446655273438
Train_MinReturn : -123.83270263671875
Train_AverageEpLen : 150.0
Train_EnvstepsSoFar : 160800
TimeSinceStart : 40.88432574272156
Training Loss : -0.08450818061828613
Baseline Loss : 0.9014543294906616
Initial_DataCollection_AverageReturn : -97.34636688232422
Done logging...




********** Iteration 16 ************

Beginning logging procedure...

Collecting data for eval...
Eval_AverageReturn : -24.88763999938965
Eval_StdReturn : 17.551986694335938
Eval_MaxReturn : -0.7841873168945312
Eval_MinReturn : -42.07512664794922
Eval_AverageEpLen : 150.0
Train_AverageReturn : -47.40537643432617
Train_StdReturn : 28.953195571899414
Train_MaxReturn : 22.01375961303711
Train_MinReturn : -119.50389862060547
Train_AverageEpLen : 150.0
Train_EnvstepsSoFar : 170850
TimeSinceStart : 43.28561043739319
Training Loss : -0.06326798349618912
Baseline Loss : 0.9066284894943237
Initial_DataCollection_AverageReturn : -97.34636688232422
Done logging...




********** Iteration 17 ************

Beginning logging procedure...

Collecting data for eval...
Eval_AverageReturn : -51.6187629699707
Eval_StdReturn : 26.275236129760742
Eval_MaxReturn : -17.374601364135742
Eval_MinReturn : -81.23424530029297
Eval_AverageEpLen : 150.0
Train_AverageReturn : -39.833518981933594
Train_StdReturn : 25.614776611328125
Train_MaxReturn : 25.114028930664062
Train_MinReturn : -116.19037628173828
Train_AverageEpLen : 150.0
Train_EnvstepsSoFar : 180900
TimeSinceStart : 45.72771215438843
Training Loss : -0.05143577232956886
Baseline Loss : 0.8712897300720215
Initial_DataCollection_AverageReturn : -97.34636688232422
Done logging...




********** Iteration 18 ************

Beginning logging procedure...

Collecting data for eval...
Eval_AverageReturn : -22.830564498901367
Eval_StdReturn : 14.34224796295166
Eval_MaxReturn : -12.512715339660645
Eval_MinReturn : -43.1125373840332
Eval_AverageEpLen : 150.0
Train_AverageReturn : -37.71455764770508
Train_StdReturn : 25.130176544189453
Train_MaxReturn : 23.69611358642578
Train_MinReturn : -86.33302307128906
Train_AverageEpLen : 150.0
Train_EnvstepsSoFar : 190950
TimeSinceStart : 47.97914958000183
Training Loss : -0.05687010660767555
Baseline Loss : 0.8714554309844971
Initial_DataCollection_AverageReturn : -97.34636688232422
Done logging...




********** Iteration 19 ************

Beginning logging procedure...

Collecting data for eval...
Eval_AverageReturn : -35.44486999511719
Eval_StdReturn : 13.741366386413574
Eval_MaxReturn : -16.58540916442871
Eval_MinReturn : -48.9339485168457
Eval_AverageEpLen : 150.0
Train_AverageReturn : -36.34021759033203
Train_StdReturn : 29.461252212524414
Train_MaxReturn : 16.315139770507812
Train_MinReturn : -130.80799865722656
Train_AverageEpLen : 150.0
Train_EnvstepsSoFar : 201000
TimeSinceStart : 50.21101260185242
Training Loss : -0.04990757256746292
Baseline Loss : 0.8535054922103882
Initial_DataCollection_AverageReturn : -97.34636688232422
Done logging...




********** Iteration 20 ************

Beginning logging procedure...

Collecting data for eval...
Eval_AverageReturn : -17.543760299682617
Eval_StdReturn : 17.197776794433594
Eval_MaxReturn : 1.7319841384887695
Eval_MinReturn : -40.02606964111328
Eval_AverageEpLen : 150.0
Train_AverageReturn : -32.45096969604492
Train_StdReturn : 26.471839904785156
Train_MaxReturn : 25.184593200683594
Train_MinReturn : -124.89298248291016
Train_AverageEpLen : 150.0
Train_EnvstepsSoFar : 211050
TimeSinceStart : 52.68704652786255
Training Loss : -0.07350145280361176
Baseline Loss : 0.857774019241333
Initial_DataCollection_AverageReturn : -97.34636688232422
Done logging...




********** Iteration 21 ************

Beginning logging procedure...

Collecting data for eval...
Eval_AverageReturn : -39.85403060913086
Eval_StdReturn : 22.969924926757812
Eval_MaxReturn : -18.47200584411621
Eval_MinReturn : -71.72364044189453
Eval_AverageEpLen : 150.0
Train_AverageReturn : -31.39735221862793
Train_StdReturn : 28.46192741394043
Train_MaxReturn : 20.905797958374023
Train_MinReturn : -112.78878784179688
Train_AverageEpLen : 150.0
Train_EnvstepsSoFar : 221100
TimeSinceStart : 55.08858036994934
Training Loss : -0.07967625558376312
Baseline Loss : 0.8327517509460449
Initial_DataCollection_AverageReturn : -97.34636688232422
Done logging...




********** Iteration 22 ************

Beginning logging procedure...

Collecting data for eval...
Eval_AverageReturn : -27.099294662475586
Eval_StdReturn : 8.324430465698242
Eval_MaxReturn : -15.328078269958496
Eval_MinReturn : -33.13671875
Eval_AverageEpLen : 150.0
Train_AverageReturn : -32.4998779296875
Train_StdReturn : 17.608413696289062
Train_MaxReturn : 5.814874649047852
Train_MinReturn : -69.04829406738281
Train_AverageEpLen : 150.0
Train_EnvstepsSoFar : 231150
TimeSinceStart : 58.003554821014404
Training Loss : -0.08397657424211502
Baseline Loss : 0.8423495888710022
Initial_DataCollection_AverageReturn : -97.34636688232422
Done logging...




********** Iteration 23 ************

Beginning logging procedure...

Collecting data for eval...
Eval_AverageReturn : -11.602745056152344
Eval_StdReturn : 17.146150588989258
Eval_MaxReturn : 12.585210800170898
Eval_MinReturn : -25.177562713623047
Eval_AverageEpLen : 150.0
Train_AverageReturn : -23.765670776367188
Train_StdReturn : 19.45949363708496
Train_MaxReturn : 24.362384796142578
Train_MinReturn : -63.19007873535156
Train_AverageEpLen : 150.0
Train_EnvstepsSoFar : 241200
TimeSinceStart : 60.80324053764343
Training Loss : -0.07038257271051407
Baseline Loss : 0.8036953806877136
Initial_DataCollection_AverageReturn : -97.34636688232422
Done logging...




********** Iteration 24 ************

Beginning logging procedure...

Collecting data for eval...
Eval_AverageReturn : -4.550937652587891
Eval_StdReturn : 3.104555368423462
Eval_MaxReturn : -0.5297456383705139
Eval_MinReturn : -8.087937355041504
Eval_AverageEpLen : 150.0
Train_AverageReturn : -22.90720558166504
Train_StdReturn : 21.734113693237305
Train_MaxReturn : 20.9846134185791
Train_MinReturn : -76.93740844726562
Train_AverageEpLen : 150.0
Train_EnvstepsSoFar : 251250
TimeSinceStart : 63.65618968009949
Training Loss : -0.10126003623008728
Baseline Loss : 0.7845759987831116
Initial_DataCollection_AverageReturn : -97.34636688232422
Done logging...




********** Iteration 25 ************

Beginning logging procedure...

Collecting data for eval...
Eval_AverageReturn : -13.130081176757812
Eval_StdReturn : 9.914177894592285
Eval_MaxReturn : -2.6048011779785156
Eval_MinReturn : -26.414581298828125
Eval_AverageEpLen : 150.0
Train_AverageReturn : -19.677833557128906
Train_StdReturn : 20.78851890563965
Train_MaxReturn : 16.12213897705078
Train_MinReturn : -86.08345794677734
Train_AverageEpLen : 150.0
Train_EnvstepsSoFar : 261300
TimeSinceStart : 66.49720478057861
Training Loss : -0.04874415695667267
Baseline Loss : 0.7423011660575867
Initial_DataCollection_AverageReturn : -97.34636688232422
Done logging...




********** Iteration 26 ************

Beginning logging procedure...

Collecting data for eval...
Eval_AverageReturn : -18.234455108642578
Eval_StdReturn : 11.060009956359863
Eval_MaxReturn : -4.40808629989624
Eval_MinReturn : -31.480836868286133
Eval_AverageEpLen : 150.0
Train_AverageReturn : -13.876123428344727
Train_StdReturn : 22.82419204711914
Train_MaxReturn : 38.3754997253418
Train_MinReturn : -82.58475494384766
Train_AverageEpLen : 150.0
Train_EnvstepsSoFar : 271350
TimeSinceStart : 69.27177906036377
Training Loss : -0.05027751624584198
Baseline Loss : 0.7204952239990234
Initial_DataCollection_AverageReturn : -97.34636688232422
Done logging...




********** Iteration 27 ************

Beginning logging procedure...

Collecting data for eval...
Eval_AverageReturn : 0.1555647850036621
Eval_StdReturn : 7.347764015197754
Eval_MaxReturn : 9.680496215820312
Eval_MinReturn : -8.204293251037598
Eval_AverageEpLen : 150.0
Train_AverageReturn : -21.075714111328125
Train_StdReturn : 24.31903076171875
Train_MaxReturn : 48.02935028076172
Train_MinReturn : -103.1453628540039
Train_AverageEpLen : 150.0
Train_EnvstepsSoFar : 281400
TimeSinceStart : 72.07585763931274
Training Loss : -0.049048278480768204
Baseline Loss : 0.7157384753227234
Initial_DataCollection_AverageReturn : -97.34636688232422
Done logging...




********** Iteration 28 ************

Beginning logging procedure...

Collecting data for eval...
Eval_AverageReturn : -17.48282814025879
Eval_StdReturn : 10.949210166931152
Eval_MaxReturn : -3.320577621459961
Eval_MinReturn : -29.986202239990234
Eval_AverageEpLen : 150.0
Train_AverageReturn : -14.003082275390625
Train_StdReturn : 25.46796226501465
Train_MaxReturn : 52.25251388549805
Train_MinReturn : -75.52238464355469
Train_AverageEpLen : 150.0
Train_EnvstepsSoFar : 291450
TimeSinceStart : 74.98108458518982
Training Loss : -0.05677800625562668
Baseline Loss : 0.6613664627075195
Initial_DataCollection_AverageReturn : -97.34636688232422
Done logging...




********** Iteration 29 ************

Beginning logging procedure...

Collecting data for eval...
Eval_AverageReturn : -8.947063446044922
Eval_StdReturn : 21.17193031311035
Eval_MaxReturn : 9.627740859985352
Eval_MinReturn : -38.57183074951172
Eval_AverageEpLen : 150.0
Train_AverageReturn : -17.877283096313477
Train_StdReturn : 26.07256507873535
Train_MaxReturn : 45.734169006347656
Train_MinReturn : -94.49613952636719
Train_AverageEpLen : 150.0
Train_EnvstepsSoFar : 301500
TimeSinceStart : 77.83308959007263
Training Loss : -0.03652327507734299
Baseline Loss : 0.6917356252670288
Initial_DataCollection_AverageReturn : -97.34636688232422
Done logging...




********** Iteration 30 ************

Beginning logging procedure...

Collecting data for eval...
Eval_AverageReturn : -32.69296646118164
Eval_StdReturn : 21.01203727722168
Eval_MaxReturn : -9.627613067626953
Eval_MinReturn : -60.450645446777344
Eval_AverageEpLen : 150.0
Train_AverageReturn : -13.799354553222656
Train_StdReturn : 22.637298583984375
Train_MaxReturn : 45.90950012207031
Train_MinReturn : -67.66928100585938
Train_AverageEpLen : 150.0
Train_EnvstepsSoFar : 311550
TimeSinceStart : 80.27048707008362
Training Loss : -0.03557174652814865
Baseline Loss : 0.6187428832054138
Initial_DataCollection_AverageReturn : -97.34636688232422
Done logging...




********** Iteration 31 ************

Beginning logging procedure...

Collecting data for eval...
Eval_AverageReturn : -33.74447250366211
Eval_StdReturn : 21.342771530151367
Eval_MaxReturn : -11.536972045898438
Eval_MinReturn : -62.55107879638672
Eval_AverageEpLen : 150.0
Train_AverageReturn : -13.044389724731445
Train_StdReturn : 23.84187126159668
Train_MaxReturn : 35.740379333496094
Train_MinReturn : -84.19624328613281
Train_AverageEpLen : 150.0
Train_EnvstepsSoFar : 321600
TimeSinceStart : 82.49524211883545
Training Loss : -0.028986798599362373
Baseline Loss : 0.6786679625511169
Initial_DataCollection_AverageReturn : -97.34636688232422
Done logging...




********** Iteration 32 ************

Beginning logging procedure...

Collecting data for eval...
Eval_AverageReturn : -7.802248477935791
Eval_StdReturn : 4.4402852058410645
Eval_MaxReturn : -2.27984619140625
Eval_MinReturn : -13.152174949645996
Eval_AverageEpLen : 150.0
Train_AverageReturn : -6.623631000518799
Train_StdReturn : 22.70337677001953
Train_MaxReturn : 55.830413818359375
Train_MinReturn : -63.80193328857422
Train_AverageEpLen : 150.0
Train_EnvstepsSoFar : 331650
TimeSinceStart : 85.07875633239746
Training Loss : -0.053143639117479324
Baseline Loss : 0.6442320942878723
Initial_DataCollection_AverageReturn : -97.34636688232422
Done logging...




********** Iteration 33 ************

Beginning logging procedure...

Collecting data for eval...
Eval_AverageReturn : -0.5177447199821472
Eval_StdReturn : 8.843894958496094
Eval_MaxReturn : 7.955257415771484
Eval_MinReturn : -12.721548080444336
Eval_AverageEpLen : 150.0
Train_AverageReturn : -7.209585666656494
Train_StdReturn : 20.302227020263672
Train_MaxReturn : 26.773544311523438
Train_MinReturn : -64.31342315673828
Train_AverageEpLen : 150.0
Train_EnvstepsSoFar : 341700
TimeSinceStart : 87.42098903656006
Training Loss : -0.038840122520923615
Baseline Loss : 0.6316460967063904
Initial_DataCollection_AverageReturn : -97.34636688232422
Done logging...




********** Iteration 34 ************

Beginning logging procedure...

Collecting data for eval...
Eval_AverageReturn : -16.03068733215332
Eval_StdReturn : 12.654437065124512
Eval_MaxReturn : -4.319118499755859
Eval_MinReturn : -33.60532760620117
Eval_AverageEpLen : 150.0
Train_AverageReturn : -2.1314401626586914
Train_StdReturn : 19.39347267150879
Train_MaxReturn : 36.59131622314453
Train_MinReturn : -44.41309356689453
Train_AverageEpLen : 150.0
Train_EnvstepsSoFar : 351750
TimeSinceStart : 90.02198767662048
Training Loss : -0.04958387091755867
Baseline Loss : 0.6194156408309937
Initial_DataCollection_AverageReturn : -97.34636688232422
Done logging...




********** Iteration 35 ************

Beginning logging procedure...

Collecting data for eval...
Eval_AverageReturn : 9.383511543273926
Eval_StdReturn : 19.860916137695312
Eval_MaxReturn : 29.84697723388672
Eval_MinReturn : -17.51012420654297
Eval_AverageEpLen : 150.0
Train_AverageReturn : -3.5455050468444824
Train_StdReturn : 15.272561073303223
Train_MaxReturn : 25.180145263671875
Train_MinReturn : -35.9786262512207
Train_AverageEpLen : 150.0
Train_EnvstepsSoFar : 361800
TimeSinceStart : 92.54998707771301
Training Loss : -0.033374983817338943
Baseline Loss : 0.6715682148933411
Initial_DataCollection_AverageReturn : -97.34636688232422
Done logging...




********** Iteration 36 ************

Beginning logging procedure...

Collecting data for eval...
Eval_AverageReturn : -3.2328875064849854
Eval_StdReturn : 3.5472805500030518
Eval_MaxReturn : 1.4696159362792969
Eval_MinReturn : -7.097296714782715
Eval_AverageEpLen : 150.0
Train_AverageReturn : -0.2990618348121643
Train_StdReturn : 13.27890396118164
Train_MaxReturn : 24.373865127563477
Train_MinReturn : -29.14321517944336
Train_AverageEpLen : 150.0
Train_EnvstepsSoFar : 371850
TimeSinceStart : 95.0364899635315
Training Loss : -0.07003273069858551
Baseline Loss : 0.6711595058441162
Initial_DataCollection_AverageReturn : -97.34636688232422
Done logging...




********** Iteration 37 ************

Beginning logging procedure...

Collecting data for eval...
Eval_AverageReturn : 12.730237007141113
Eval_StdReturn : 9.453888893127441
Eval_MaxReturn : 24.727760314941406
Eval_MinReturn : 1.6218204498291016
Eval_AverageEpLen : 150.0
Train_AverageReturn : 3.93879771232605
Train_StdReturn : 18.788434982299805
Train_MaxReturn : 65.81459045410156
Train_MinReturn : -52.66067886352539
Train_AverageEpLen : 150.0
Train_EnvstepsSoFar : 381900
TimeSinceStart : 97.42753887176514
Training Loss : -0.024581659585237503
Baseline Loss : 0.6934351921081543
Initial_DataCollection_AverageReturn : -97.34636688232422
Done logging...




********** Iteration 38 ************

Beginning logging procedure...

Collecting data for eval...
Eval_AverageReturn : 11.077213287353516
Eval_StdReturn : 13.201711654663086
Eval_MaxReturn : 28.166439056396484
Eval_MinReturn : -3.978665351867676
Eval_AverageEpLen : 150.0
Train_AverageReturn : -4.098050594329834
Train_StdReturn : 19.175561904907227
Train_MaxReturn : 58.66160583496094
Train_MinReturn : -39.38478088378906
Train_AverageEpLen : 150.0
Train_EnvstepsSoFar : 391950
TimeSinceStart : 99.89570713043213
Training Loss : -0.09397152066230774
Baseline Loss : 0.6953160762786865
Initial_DataCollection_AverageReturn : -97.34636688232422
Done logging...




********** Iteration 39 ************

Beginning logging procedure...

Collecting data for eval...
Eval_AverageReturn : -2.316462516784668
Eval_StdReturn : 9.828328132629395
Eval_MaxReturn : 10.4624605178833
Eval_MinReturn : -13.440731048583984
Eval_AverageEpLen : 150.0
Train_AverageReturn : 0.32231688499450684
Train_StdReturn : 19.897781372070312
Train_MaxReturn : 55.49335861206055
Train_MinReturn : -60.629905700683594
Train_AverageEpLen : 150.0
Train_EnvstepsSoFar : 402000
TimeSinceStart : 102.27424192428589
Training Loss : -0.056939419358968735
Baseline Loss : 0.6595695614814758
Initial_DataCollection_AverageReturn : -97.34636688232422
Done logging...




********** Iteration 40 ************

Beginning logging procedure...

Collecting data for eval...
Eval_AverageReturn : 1.571316123008728
Eval_StdReturn : 7.8407793045043945
Eval_MaxReturn : 7.895256996154785
Eval_MinReturn : -9.478782653808594
Eval_AverageEpLen : 150.0
Train_AverageReturn : -1.439513921737671
Train_StdReturn : 18.44683074951172
Train_MaxReturn : 53.620567321777344
Train_MinReturn : -51.65502166748047
Train_AverageEpLen : 150.0
Train_EnvstepsSoFar : 412050
TimeSinceStart : 104.9157497882843
Training Loss : -0.05615654215216637
Baseline Loss : 0.5681658387184143
Initial_DataCollection_AverageReturn : -97.34636688232422
Done logging...




********** Iteration 41 ************

Beginning logging procedure...

Collecting data for eval...
Eval_AverageReturn : -3.88069748878479
Eval_StdReturn : 14.324703216552734
Eval_MaxReturn : 16.299541473388672
Eval_MinReturn : -15.508395195007324
Eval_AverageEpLen : 150.0
Train_AverageReturn : 0.9697014093399048
Train_StdReturn : 21.207630157470703
Train_MaxReturn : 48.776763916015625
Train_MinReturn : -76.73889923095703
Train_AverageEpLen : 150.0
Train_EnvstepsSoFar : 422100
TimeSinceStart : 107.69159030914307
Training Loss : -0.053801629692316055
Baseline Loss : 0.6245899200439453
Initial_DataCollection_AverageReturn : -97.34636688232422
Done logging...




********** Iteration 42 ************

Beginning logging procedure...

Collecting data for eval...
Eval_AverageReturn : -2.3513190746307373
Eval_StdReturn : 4.104429721832275
Eval_MaxReturn : 1.854574203491211
Eval_MinReturn : -7.918707370758057
Eval_AverageEpLen : 150.0
Train_AverageReturn : -1.4000272750854492
Train_StdReturn : 14.649949073791504
Train_MaxReturn : 24.377891540527344
Train_MinReturn : -54.42741775512695
Train_AverageEpLen : 150.0
Train_EnvstepsSoFar : 432150
TimeSinceStart : 110.71456265449524
Training Loss : -0.05044335871934891
Baseline Loss : 0.6554830074310303
Initial_DataCollection_AverageReturn : -97.34636688232422
Done logging...




********** Iteration 43 ************

Beginning logging procedure...

Collecting data for eval...
Eval_AverageReturn : 17.49758529663086
Eval_StdReturn : 16.194990158081055
Eval_MaxReturn : 37.33197784423828
Eval_MinReturn : -2.3374834060668945
Eval_AverageEpLen : 150.0
Train_AverageReturn : 1.0209901332855225
Train_StdReturn : 12.84233283996582
Train_MaxReturn : 32.091087341308594
Train_MinReturn : -29.245105743408203
Train_AverageEpLen : 150.0
Train_EnvstepsSoFar : 442200
TimeSinceStart : 113.67748260498047
Training Loss : -0.07498067617416382
Baseline Loss : 0.5433014631271362
Initial_DataCollection_AverageReturn : -97.34636688232422
Done logging...




********** Iteration 44 ************

Beginning logging procedure...

Collecting data for eval...
Eval_AverageReturn : -2.1322238445281982
Eval_StdReturn : 24.172407150268555
Eval_MaxReturn : 25.207321166992188
Eval_MinReturn : -33.57472610473633
Eval_AverageEpLen : 150.0
Train_AverageReturn : 9.034430503845215
Train_StdReturn : 17.0155029296875
Train_MaxReturn : 39.86436080932617
Train_MinReturn : -81.52847290039062
Train_AverageEpLen : 150.0
Train_EnvstepsSoFar : 452250
TimeSinceStart : 116.66075491905212
Training Loss : -0.09679318964481354
Baseline Loss : 0.5447636246681213
Initial_DataCollection_AverageReturn : -97.34636688232422
Done logging...




********** Iteration 45 ************

Beginning logging procedure...

Collecting data for eval...
Eval_AverageReturn : 10.567644119262695
Eval_StdReturn : 7.146940231323242
Eval_MaxReturn : 20.657176971435547
Eval_MinReturn : 5.004103660583496
Eval_AverageEpLen : 150.0
Train_AverageReturn : 5.40000057220459
Train_StdReturn : 17.946935653686523
Train_MaxReturn : 39.10900115966797
Train_MinReturn : -40.37303924560547
Train_AverageEpLen : 150.0
Train_EnvstepsSoFar : 462300
TimeSinceStart : 119.49673318862915
Training Loss : -0.030878383666276932
Baseline Loss : 0.7394281029701233
Initial_DataCollection_AverageReturn : -97.34636688232422
Done logging...




********** Iteration 46 ************

Beginning logging procedure...

Collecting data for eval...
Eval_AverageReturn : 23.865196228027344
Eval_StdReturn : 0.6323123574256897
Eval_MaxReturn : 24.64813804626465
Eval_MinReturn : 23.099586486816406
Eval_AverageEpLen : 150.0
Train_AverageReturn : 16.177398681640625
Train_StdReturn : 17.898576736450195
Train_MaxReturn : 67.06998443603516
Train_MinReturn : -27.73820686340332
Train_AverageEpLen : 150.0
Train_EnvstepsSoFar : 472350
TimeSinceStart : 122.33612203598022
Training Loss : -0.054336562752723694
Baseline Loss : 0.6571346521377563
Initial_DataCollection_AverageReturn : -97.34636688232422
Done logging...




********** Iteration 47 ************

Beginning logging procedure...

Collecting data for eval...
Eval_AverageReturn : 14.108922004699707
Eval_StdReturn : 15.045372009277344
Eval_MaxReturn : 30.25827407836914
Eval_MinReturn : -5.963403701782227
Eval_AverageEpLen : 150.0
Train_AverageReturn : 20.742191314697266
Train_StdReturn : 19.740812301635742
Train_MaxReturn : 62.282691955566406
Train_MinReturn : -46.452884674072266
Train_AverageEpLen : 150.0
Train_EnvstepsSoFar : 482400
TimeSinceStart : 125.16592454910278
Training Loss : -0.07062990218400955
Baseline Loss : 0.632793664932251
Initial_DataCollection_AverageReturn : -97.34636688232422
Done logging...




********** Iteration 48 ************

Beginning logging procedure...

Collecting data for eval...
Eval_AverageReturn : 19.476638793945312
Eval_StdReturn : 10.605055809020996
Eval_MaxReturn : 33.46818161010742
Eval_MinReturn : 7.803437232971191
Eval_AverageEpLen : 150.0
Train_AverageReturn : 19.82971954345703
Train_StdReturn : 17.695701599121094
Train_MaxReturn : 67.80554962158203
Train_MinReturn : -19.653972625732422
Train_AverageEpLen : 150.0
Train_EnvstepsSoFar : 492450
TimeSinceStart : 127.74115371704102
Training Loss : -0.04994896054267883
Baseline Loss : 0.5926805138587952
Initial_DataCollection_AverageReturn : -97.34636688232422
Done logging...




********** Iteration 49 ************

Beginning logging procedure...

Collecting data for eval...
Eval_AverageReturn : 1.2080022096633911
Eval_StdReturn : 4.027676105499268
Eval_MaxReturn : 4.702632904052734
Eval_MinReturn : -4.434685707092285
Eval_AverageEpLen : 150.0
Train_AverageReturn : 19.451427459716797
Train_StdReturn : 21.80954933166504
Train_MaxReturn : 68.8983154296875
Train_MinReturn : -32.49300765991211
Train_AverageEpLen : 150.0
Train_EnvstepsSoFar : 502500
TimeSinceStart : 130.41655492782593
Training Loss : -0.046201132237911224
Baseline Loss : 0.5632421970367432
Initial_DataCollection_AverageReturn : -97.34636688232422
Done logging...




********** Iteration 50 ************

Beginning logging procedure...

Collecting data for eval...
Eval_AverageReturn : 37.99541473388672
Eval_StdReturn : 10.69624137878418
Eval_MaxReturn : 53.05854034423828
Eval_MinReturn : 29.263408660888672
Eval_AverageEpLen : 150.0
Train_AverageReturn : 15.454527854919434
Train_StdReturn : 20.593364715576172
Train_MaxReturn : 61.179359436035156
Train_MinReturn : -37.20022201538086
Train_AverageEpLen : 150.0
Train_EnvstepsSoFar : 512550
TimeSinceStart : 133.24141836166382
Training Loss : -0.06479861587285995
Baseline Loss : 0.5689871311187744
Initial_DataCollection_AverageReturn : -97.34636688232422
Done logging...




********** Iteration 51 ************

Beginning logging procedure...

Collecting data for eval...
Eval_AverageReturn : 44.017765045166016
Eval_StdReturn : 24.747787475585938
Eval_MaxReturn : 71.25270080566406
Eval_MinReturn : 11.364197731018066
Eval_AverageEpLen : 150.0
Train_AverageReturn : 14.440052032470703
Train_StdReturn : 22.27667999267578
Train_MaxReturn : 55.97146224975586
Train_MinReturn : -60.33684158325195
Train_AverageEpLen : 150.0
Train_EnvstepsSoFar : 522600
TimeSinceStart : 136.12848234176636
Training Loss : -0.05815153196454048
Baseline Loss : 0.6910277605056763
Initial_DataCollection_AverageReturn : -97.34636688232422
Done logging...




********** Iteration 52 ************

Beginning logging procedure...

Collecting data for eval...
Eval_AverageReturn : 47.540592193603516
Eval_StdReturn : 7.402908802032471
Eval_MaxReturn : 57.780418395996094
Eval_MinReturn : 40.532806396484375
Eval_AverageEpLen : 150.0
Train_AverageReturn : 35.33015441894531
Train_StdReturn : 18.653505325317383
Train_MaxReturn : 79.27297973632812
Train_MinReturn : -7.748413562774658
Train_AverageEpLen : 150.0
Train_EnvstepsSoFar : 532650
TimeSinceStart : 138.91290140151978
Training Loss : -0.0479668527841568
Baseline Loss : 0.7647343277931213
Initial_DataCollection_AverageReturn : -97.34636688232422
Done logging...




********** Iteration 53 ************

Beginning logging procedure...

Collecting data for eval...
Eval_AverageReturn : 13.449997901916504
Eval_StdReturn : 48.110774993896484
Eval_MaxReturn : 50.768898010253906
Eval_MinReturn : -54.47855758666992
Eval_AverageEpLen : 150.0
Train_AverageReturn : 46.58407211303711
Train_StdReturn : 22.276470184326172
Train_MaxReturn : 97.57600402832031
Train_MinReturn : -45.834354400634766
Train_AverageEpLen : 150.0
Train_EnvstepsSoFar : 542700
TimeSinceStart : 141.85566091537476
Training Loss : -0.05180378630757332
Baseline Loss : 0.7674317359924316
Initial_DataCollection_AverageReturn : -97.34636688232422
Done logging...




********** Iteration 54 ************

Beginning logging procedure...

Collecting data for eval...
Eval_AverageReturn : -11.720890998840332
Eval_StdReturn : 31.40873908996582
Eval_MaxReturn : 31.7119197845459
Eval_MinReturn : -41.496849060058594
Eval_AverageEpLen : 150.0
Train_AverageReturn : 30.93031883239746
Train_StdReturn : 29.111595153808594
Train_MaxReturn : 83.50225830078125
Train_MinReturn : -42.42917251586914
Train_AverageEpLen : 150.0
Train_EnvstepsSoFar : 552750
TimeSinceStart : 144.520250082016
Training Loss : -0.008265042677521706
Baseline Loss : 0.958191454410553
Initial_DataCollection_AverageReturn : -97.34636688232422
Done logging...




********** Iteration 55 ************

Beginning logging procedure...

Collecting data for eval...
Eval_AverageReturn : 9.415728569030762
Eval_StdReturn : 32.38168716430664
Eval_MaxReturn : 54.876461029052734
Eval_MinReturn : -18.094987869262695
Eval_AverageEpLen : 150.0
Train_AverageReturn : 15.7714262008667
Train_StdReturn : 35.59284973144531
Train_MaxReturn : 76.28627014160156
Train_MinReturn : -78.28148651123047
Train_AverageEpLen : 150.0
Train_EnvstepsSoFar : 562800
TimeSinceStart : 147.35314750671387
Training Loss : -0.0394364558160305
Baseline Loss : 0.8512586355209351
Initial_DataCollection_AverageReturn : -97.34636688232422
Done logging...




********** Iteration 56 ************

Beginning logging procedure...

Collecting data for eval...
Eval_AverageReturn : 14.152997016906738
Eval_StdReturn : 32.48137664794922
Eval_MaxReturn : 57.37489318847656
Eval_MinReturn : -20.928682327270508
Eval_AverageEpLen : 150.0
Train_AverageReturn : 9.205687522888184
Train_StdReturn : 26.635417938232422
Train_MaxReturn : 73.30076599121094
Train_MinReturn : -41.34040069580078
Train_AverageEpLen : 150.0
Train_EnvstepsSoFar : 572850
TimeSinceStart : 150.0656259059906
Training Loss : -0.020460208877921104
Baseline Loss : 0.812613844871521
Initial_DataCollection_AverageReturn : -97.34636688232422
Done logging...




********** Iteration 57 ************

Beginning logging procedure...

Collecting data for eval...
Eval_AverageReturn : 27.08006477355957
Eval_StdReturn : 20.324377059936523
Eval_MaxReturn : 52.381778717041016
Eval_MinReturn : 2.618706703186035
Eval_AverageEpLen : 150.0
Train_AverageReturn : 13.37386703491211
Train_StdReturn : 25.09223747253418
Train_MaxReturn : 66.02513885498047
Train_MinReturn : -78.27452087402344
Train_AverageEpLen : 150.0
Train_EnvstepsSoFar : 582900
TimeSinceStart : 152.51061701774597
Training Loss : -0.06218739226460457
Baseline Loss : 0.7743834853172302
Initial_DataCollection_AverageReturn : -97.34636688232422
Done logging...




********** Iteration 58 ************

Beginning logging procedure...

Collecting data for eval...
Eval_AverageReturn : 30.389205932617188
Eval_StdReturn : 6.922745227813721
Eval_MaxReturn : 35.859169006347656
Eval_MinReturn : 20.62242317199707
Eval_AverageEpLen : 150.0
Train_AverageReturn : 22.779685974121094
Train_StdReturn : 23.008411407470703
Train_MaxReturn : 92.27037811279297
Train_MinReturn : -28.839969635009766
Train_AverageEpLen : 150.0
Train_EnvstepsSoFar : 592950
TimeSinceStart : 154.97229170799255
Training Loss : -0.016705302521586418
Baseline Loss : 0.776111364364624
Initial_DataCollection_AverageReturn : -97.34636688232422
Done logging...




********** Iteration 59 ************

Beginning logging procedure...

Collecting data for eval...
Eval_AverageReturn : 66.07923126220703
Eval_StdReturn : 18.51984214782715
Eval_MaxReturn : 91.17235565185547
Eval_MinReturn : 47.03436279296875
Eval_AverageEpLen : 150.0
Train_AverageReturn : 33.7596321105957
Train_StdReturn : 22.661380767822266
Train_MaxReturn : 86.78738403320312
Train_MinReturn : -17.529781341552734
Train_AverageEpLen : 150.0
Train_EnvstepsSoFar : 603000
TimeSinceStart : 157.62862825393677
Training Loss : -0.03356947749853134
Baseline Loss : 0.6985797882080078
Initial_DataCollection_AverageReturn : -97.34636688232422
Done logging...




********** Iteration 60 ************

Beginning logging procedure...

Collecting data for eval...
Eval_AverageReturn : 54.98334884643555
Eval_StdReturn : 32.34503936767578
Eval_MaxReturn : 100.44551086425781
Eval_MinReturn : 27.87093162536621
Eval_AverageEpLen : 150.0
Train_AverageReturn : 51.05231475830078
Train_StdReturn : 28.684003829956055
Train_MaxReturn : 116.20236206054688
Train_MinReturn : -25.24144172668457
Train_AverageEpLen : 150.0
Train_EnvstepsSoFar : 613050
TimeSinceStart : 160.15509009361267
Training Loss : -0.03569866344332695
Baseline Loss : 0.6652948260307312
Initial_DataCollection_AverageReturn : -97.34636688232422
Done logging...




********** Iteration 61 ************

Beginning logging procedure...

Collecting data for eval...
Eval_AverageReturn : 85.2217025756836
Eval_StdReturn : 42.93160629272461
Eval_MaxReturn : 118.66139221191406
Eval_MinReturn : 24.6153564453125
Eval_AverageEpLen : 150.0
Train_AverageReturn : 70.343505859375
Train_StdReturn : 35.25679016113281
Train_MaxReturn : 164.42587280273438
Train_MinReturn : 1.0605697631835938
Train_AverageEpLen : 150.0
Train_EnvstepsSoFar : 623100
TimeSinceStart : 162.6765627861023
Training Loss : 0.0005869725719094276
Baseline Loss : 0.7127993106842041
Initial_DataCollection_AverageReturn : -97.34636688232422
Done logging...




********** Iteration 62 ************

Beginning logging procedure...

Collecting data for eval...
Eval_AverageReturn : 91.1017837524414
Eval_StdReturn : 11.613202095031738
Eval_MaxReturn : 105.76803588867188
Eval_MinReturn : 77.36744689941406
Eval_AverageEpLen : 150.0
Train_AverageReturn : 81.01212310791016
Train_StdReturn : 35.30848693847656
Train_MaxReturn : 146.5222625732422
Train_MinReturn : -26.04378890991211
Train_AverageEpLen : 150.0
Train_EnvstepsSoFar : 633150
TimeSinceStart : 165.24132871627808
Training Loss : -0.01973073184490204
Baseline Loss : 0.8418678045272827
Initial_DataCollection_AverageReturn : -97.34636688232422
Done logging...




********** Iteration 63 ************

Beginning logging procedure...

Collecting data for eval...
Eval_AverageReturn : 106.43289947509766
Eval_StdReturn : 18.551549911499023
Eval_MaxReturn : 121.63616943359375
Eval_MinReturn : 80.31409454345703
Eval_AverageEpLen : 150.0
Train_AverageReturn : 75.02318572998047
Train_StdReturn : 40.25941848754883
Train_MaxReturn : 158.25244140625
Train_MinReturn : -26.98827362060547
Train_AverageEpLen : 150.0
Train_EnvstepsSoFar : 643200
TimeSinceStart : 167.8208212852478
Training Loss : -0.06518100947141647
Baseline Loss : 0.780288577079773
Initial_DataCollection_AverageReturn : -97.34636688232422
Done logging...




********** Iteration 64 ************

Beginning logging procedure...

Collecting data for eval...
Eval_AverageReturn : 44.63604736328125
Eval_StdReturn : 21.964218139648438
Eval_MaxReturn : 74.06266784667969
Eval_MinReturn : 21.309032440185547
Eval_AverageEpLen : 150.0
Train_AverageReturn : 79.73632049560547
Train_StdReturn : 34.96561813354492
Train_MaxReturn : 176.0374755859375
Train_MinReturn : 14.15839958190918
Train_AverageEpLen : 150.0
Train_EnvstepsSoFar : 653250
TimeSinceStart : 170.40339851379395
Training Loss : -0.023948824033141136
Baseline Loss : 0.6446152329444885
Initial_DataCollection_AverageReturn : -97.34636688232422
Done logging...




********** Iteration 65 ************

Beginning logging procedure...

Collecting data for eval...
Eval_AverageReturn : 74.85149383544922
Eval_StdReturn : 60.26570129394531
Eval_MaxReturn : 159.9447021484375
Eval_MinReturn : 28.146610260009766
Eval_AverageEpLen : 150.0
Train_AverageReturn : 74.88216400146484
Train_StdReturn : 34.288597106933594
Train_MaxReturn : 172.84695434570312
Train_MinReturn : 6.4592156410217285
Train_AverageEpLen : 150.0
Train_EnvstepsSoFar : 663300
TimeSinceStart : 172.8535544872284
Training Loss : 0.003254916751757264
Baseline Loss : 0.5732139348983765
Initial_DataCollection_AverageReturn : -97.34636688232422
Done logging...




********** Iteration 66 ************

Beginning logging procedure...

Collecting data for eval...
Eval_AverageReturn : 106.76718139648438
Eval_StdReturn : 24.177793502807617
Eval_MaxReturn : 140.39031982421875
Eval_MinReturn : 84.573974609375
Eval_AverageEpLen : 150.0
Train_AverageReturn : 76.60198974609375
Train_StdReturn : 31.238309860229492
Train_MaxReturn : 146.993408203125
Train_MinReturn : 21.572975158691406
Train_AverageEpLen : 150.0
Train_EnvstepsSoFar : 673350
TimeSinceStart : 175.61677289009094
Training Loss : -0.03947915881872177
Baseline Loss : 0.6334090232849121
Initial_DataCollection_AverageReturn : -97.34636688232422
Done logging...




********** Iteration 67 ************

Beginning logging procedure...

Collecting data for eval...
Eval_AverageReturn : 126.9878921508789
Eval_StdReturn : 33.11731719970703
Eval_MaxReturn : 151.65577697753906
Eval_MinReturn : 80.17559814453125
Eval_AverageEpLen : 150.0
Train_AverageReturn : 105.94621276855469
Train_StdReturn : 33.10136032104492
Train_MaxReturn : 176.86868286132812
Train_MinReturn : 41.289459228515625
Train_AverageEpLen : 150.0
Train_EnvstepsSoFar : 683400
TimeSinceStart : 178.161292552948
Training Loss : -0.02709890529513359
Baseline Loss : 0.6246524453163147
Initial_DataCollection_AverageReturn : -97.34636688232422
Done logging...




********** Iteration 68 ************

Beginning logging procedure...

Collecting data for eval...
Eval_AverageReturn : 157.94467163085938
Eval_StdReturn : 14.77907657623291
Eval_MaxReturn : 176.57318115234375
Eval_MinReturn : 140.42276000976562
Eval_AverageEpLen : 150.0
Train_AverageReturn : 120.22603607177734
Train_StdReturn : 28.6329288482666
Train_MaxReturn : 203.31497192382812
Train_MinReturn : 66.44683074951172
Train_AverageEpLen : 150.0
Train_EnvstepsSoFar : 693450
TimeSinceStart : 180.76460886001587
Training Loss : -0.01678772270679474
Baseline Loss : 0.8494763374328613
Initial_DataCollection_AverageReturn : -97.34636688232422
Done logging...




********** Iteration 69 ************

Beginning logging procedure...

Collecting data for eval...
Eval_AverageReturn : 123.04730224609375
Eval_StdReturn : 12.039361953735352
Eval_MaxReturn : 137.9652862548828
Eval_MinReturn : 108.48129272460938
Eval_AverageEpLen : 150.0
Train_AverageReturn : 119.75541687011719
Train_StdReturn : 35.51254653930664
Train_MaxReturn : 205.5266571044922
Train_MinReturn : -2.9842681884765625
Train_AverageEpLen : 150.0
Train_EnvstepsSoFar : 703500
TimeSinceStart : 183.71419548988342
Training Loss : -0.04660787805914879
Baseline Loss : 0.7699975967407227
Initial_DataCollection_AverageReturn : -97.34636688232422
Done logging...




********** Iteration 70 ************

Beginning logging procedure...

Collecting data for eval...
Eval_AverageReturn : 137.9990997314453
Eval_StdReturn : 12.61854076385498
Eval_MaxReturn : 154.55392456054688
Eval_MinReturn : 123.95152282714844
Eval_AverageEpLen : 150.0
Train_AverageReturn : 124.66449737548828
Train_StdReturn : 27.3664608001709
Train_MaxReturn : 193.35693359375
Train_MinReturn : 62.660396575927734
Train_AverageEpLen : 150.0
Train_EnvstepsSoFar : 713550
TimeSinceStart : 186.49333667755127
Training Loss : -0.05535627529025078
Baseline Loss : 0.6804937124252319
Initial_DataCollection_AverageReturn : -97.34636688232422
Done logging...




********** Iteration 71 ************

Beginning logging procedure...

Collecting data for eval...
Eval_AverageReturn : 108.17586517333984
Eval_StdReturn : 12.353521347045898
Eval_MaxReturn : 119.12181091308594
Eval_MinReturn : 90.91077423095703
Eval_AverageEpLen : 150.0
Train_AverageReturn : 123.86666107177734
Train_StdReturn : 29.61931800842285
Train_MaxReturn : 197.89602661132812
Train_MinReturn : 60.47673034667969
Train_AverageEpLen : 150.0
Train_EnvstepsSoFar : 723600
TimeSinceStart : 189.33934783935547
Training Loss : -0.02445969358086586
Baseline Loss : 0.6901271343231201
Initial_DataCollection_AverageReturn : -97.34636688232422
Done logging...




********** Iteration 72 ************

Beginning logging procedure...

Collecting data for eval...
Eval_AverageReturn : 145.91314697265625
Eval_StdReturn : 20.801237106323242
Eval_MaxReturn : 175.02293395996094
Eval_MinReturn : 127.68367004394531
Eval_AverageEpLen : 150.0
Train_AverageReturn : 148.28369140625
Train_StdReturn : 34.8862190246582
Train_MaxReturn : 277.3714294433594
Train_MinReturn : 64.53286743164062
Train_AverageEpLen : 150.0
Train_EnvstepsSoFar : 733650
TimeSinceStart : 191.86287927627563
Training Loss : -0.06745543330907822
Baseline Loss : 0.690170168876648
Initial_DataCollection_AverageReturn : -97.34636688232422
Done logging...




********** Iteration 73 ************

Beginning logging procedure...

Collecting data for eval...
Eval_AverageReturn : 146.3440704345703
Eval_StdReturn : 15.311408996582031
Eval_MaxReturn : 163.8643035888672
Eval_MinReturn : 126.56397247314453
Eval_AverageEpLen : 150.0
Train_AverageReturn : 147.31207275390625
Train_StdReturn : 37.37604904174805
Train_MaxReturn : 235.71566772460938
Train_MinReturn : 72.29602813720703
Train_AverageEpLen : 150.0
Train_EnvstepsSoFar : 743700
TimeSinceStart : 194.35598278045654
Training Loss : -0.07406631857156754
Baseline Loss : 0.724962055683136
Initial_DataCollection_AverageReturn : -97.34636688232422
Done logging...




********** Iteration 74 ************

Beginning logging procedure...

Collecting data for eval...
Eval_AverageReturn : 175.17889404296875
Eval_StdReturn : 50.19400405883789
Eval_MaxReturn : 221.34890747070312
Eval_MinReturn : 105.39909362792969
Eval_AverageEpLen : 150.0
Train_AverageReturn : 151.50030517578125
Train_StdReturn : 44.13027572631836
Train_MaxReturn : 233.24774169921875
Train_MinReturn : 33.90386962890625
Train_AverageEpLen : 150.0
Train_EnvstepsSoFar : 753750
TimeSinceStart : 196.91289472579956
Training Loss : -0.03576187044382095
Baseline Loss : 0.7534571290016174
Initial_DataCollection_AverageReturn : -97.34636688232422
Done logging...




********** Iteration 75 ************

Beginning logging procedure...

Collecting data for eval...
Eval_AverageReturn : 112.74300384521484
Eval_StdReturn : 40.768131256103516
Eval_MaxReturn : 169.98727416992188
Eval_MinReturn : 78.17269134521484
Eval_AverageEpLen : 150.0
Train_AverageReturn : 136.19049072265625
Train_StdReturn : 36.91105270385742
Train_MaxReturn : 214.7061767578125
Train_MinReturn : 45.44190216064453
Train_AverageEpLen : 150.0
Train_EnvstepsSoFar : 763800
TimeSinceStart : 199.36003851890564
Training Loss : -0.011431769467890263
Baseline Loss : 0.7526853084564209
Initial_DataCollection_AverageReturn : -97.34636688232422
Done logging...




********** Iteration 76 ************

Beginning logging procedure...

Collecting data for eval...
Eval_AverageReturn : 170.5677490234375
Eval_StdReturn : 24.99530601501465
Eval_MaxReturn : 195.72900390625
Eval_MinReturn : 136.4852294921875
Eval_AverageEpLen : 150.0
Train_AverageReturn : 138.53782653808594
Train_StdReturn : 29.348604202270508
Train_MaxReturn : 221.5957794189453
Train_MinReturn : 39.077205657958984
Train_AverageEpLen : 150.0
Train_EnvstepsSoFar : 773850
TimeSinceStart : 201.79226422309875
Training Loss : -0.029966512694954872
Baseline Loss : 0.7410569787025452
Initial_DataCollection_AverageReturn : -97.34636688232422
Done logging...




********** Iteration 77 ************

Beginning logging procedure...

Collecting data for eval...
Eval_AverageReturn : 160.9014129638672
Eval_StdReturn : 25.15909767150879
Eval_MaxReturn : 195.953369140625
Eval_MinReturn : 138.08482360839844
Eval_AverageEpLen : 150.0
Train_AverageReturn : 155.5331268310547
Train_StdReturn : 35.975738525390625
Train_MaxReturn : 233.12149047851562
Train_MinReturn : 82.07992553710938
Train_AverageEpLen : 150.0
Train_EnvstepsSoFar : 783900
TimeSinceStart : 204.24593710899353
Training Loss : -0.03621198982000351
Baseline Loss : 0.6856120824813843
Initial_DataCollection_AverageReturn : -97.34636688232422
Done logging...




********** Iteration 78 ************

Beginning logging procedure...

Collecting data for eval...
Eval_AverageReturn : 132.34214782714844
Eval_StdReturn : 27.66765785217285
Eval_MaxReturn : 165.95750427246094
Eval_MinReturn : 98.19218444824219
Eval_AverageEpLen : 150.0
Train_AverageReturn : 174.6189727783203
Train_StdReturn : 34.00545120239258
Train_MaxReturn : 274.583984375
Train_MinReturn : 63.47344207763672
Train_AverageEpLen : 150.0
Train_EnvstepsSoFar : 793950
TimeSinceStart : 206.77747106552124
Training Loss : 0.002157800830900669
Baseline Loss : 0.6691899299621582
Initial_DataCollection_AverageReturn : -97.34636688232422
Done logging...




********** Iteration 79 ************

Beginning logging procedure...

Collecting data for eval...
Eval_AverageReturn : 133.431884765625
Eval_StdReturn : 21.326358795166016
Eval_MaxReturn : 160.30169677734375
Eval_MinReturn : 108.13400268554688
Eval_AverageEpLen : 150.0
Train_AverageReturn : 149.4077911376953
Train_StdReturn : 35.875362396240234
Train_MaxReturn : 233.62034606933594
Train_MinReturn : 77.01848602294922
Train_AverageEpLen : 150.0
Train_EnvstepsSoFar : 804000
TimeSinceStart : 209.09528708457947
Training Loss : -0.023360025137662888
Baseline Loss : 0.6519931554794312
Initial_DataCollection_AverageReturn : -97.34636688232422
Done logging...




********** Iteration 80 ************

Beginning logging procedure...

Collecting data for eval...
Eval_AverageReturn : 124.2309341430664
Eval_StdReturn : 20.224477767944336
Eval_MaxReturn : 139.92098999023438
Eval_MinReturn : 95.67574310302734
Eval_AverageEpLen : 150.0
Train_AverageReturn : 123.96150970458984
Train_StdReturn : 35.81032180786133
Train_MaxReturn : 247.51235961914062
Train_MinReturn : 44.124977111816406
Train_AverageEpLen : 150.0
Train_EnvstepsSoFar : 814050
TimeSinceStart : 211.3338749408722
Training Loss : -0.02730228565633297
Baseline Loss : 0.6466378569602966
Initial_DataCollection_AverageReturn : -97.34636688232422
Done logging...




********** Iteration 81 ************

Beginning logging procedure...

Collecting data for eval...
Eval_AverageReturn : 103.10516357421875
Eval_StdReturn : 13.039390563964844
Eval_MaxReturn : 121.12925720214844
Eval_MinReturn : 90.71856689453125
Eval_AverageEpLen : 150.0
Train_AverageReturn : 142.38034057617188
Train_StdReturn : 47.1309814453125
Train_MaxReturn : 297.80462646484375
Train_MinReturn : 57.31568145751953
Train_AverageEpLen : 150.0
Train_EnvstepsSoFar : 824100
TimeSinceStart : 213.7818958759308
Training Loss : -0.026334960013628006
Baseline Loss : 0.5588281750679016
Initial_DataCollection_AverageReturn : -97.34636688232422
Done logging...




********** Iteration 82 ************

Beginning logging procedure...

Collecting data for eval...
Eval_AverageReturn : 159.0481414794922
Eval_StdReturn : 18.687179565429688
Eval_MaxReturn : 175.61668395996094
Eval_MinReturn : 132.93331909179688
Eval_AverageEpLen : 150.0
Train_AverageReturn : 135.87899780273438
Train_StdReturn : 43.42219543457031
Train_MaxReturn : 214.13050842285156
Train_MinReturn : 28.63466453552246
Train_AverageEpLen : 150.0
Train_EnvstepsSoFar : 834150
TimeSinceStart : 216.427405834198
Training Loss : 0.00442464416846633
Baseline Loss : 0.6250750422477722
Initial_DataCollection_AverageReturn : -97.34636688232422
Done logging...




********** Iteration 83 ************

Beginning logging procedure...

Collecting data for eval...
Eval_AverageReturn : 115.5267333984375
Eval_StdReturn : 15.325472831726074
Eval_MaxReturn : 130.065673828125
Eval_MinReturn : 94.33715057373047
Eval_AverageEpLen : 150.0
Train_AverageReturn : 126.98374938964844
Train_StdReturn : 41.56505584716797
Train_MaxReturn : 214.41363525390625
Train_MinReturn : 27.483869552612305
Train_AverageEpLen : 150.0
Train_EnvstepsSoFar : 844200
TimeSinceStart : 218.8428235054016
Training Loss : -0.016271211206912994
Baseline Loss : 0.5412723422050476
Initial_DataCollection_AverageReturn : -97.34636688232422
Done logging...




********** Iteration 84 ************

Beginning logging procedure...

Collecting data for eval...
Eval_AverageReturn : 135.8855743408203
Eval_StdReturn : 54.39753341674805
Eval_MaxReturn : 205.4124755859375
Eval_MinReturn : 72.60643005371094
Eval_AverageEpLen : 150.0
Train_AverageReturn : 127.58233642578125
Train_StdReturn : 36.63249588012695
Train_MaxReturn : 200.43618774414062
Train_MinReturn : 29.847694396972656
Train_AverageEpLen : 150.0
Train_EnvstepsSoFar : 854250
TimeSinceStart : 221.2076096534729
Training Loss : -0.057593829929828644
Baseline Loss : 0.5386297106742859
Initial_DataCollection_AverageReturn : -97.34636688232422
Done logging...




********** Iteration 85 ************

Beginning logging procedure...

Collecting data for eval...
Eval_AverageReturn : 83.23873138427734
Eval_StdReturn : 13.414104461669922
Eval_MaxReturn : 101.49575805664062
Eval_MinReturn : 69.64726257324219
Eval_AverageEpLen : 150.0
Train_AverageReturn : 98.73748779296875
Train_StdReturn : 36.097469329833984
Train_MaxReturn : 174.52915954589844
Train_MinReturn : 14.707988739013672
Train_AverageEpLen : 150.0
Train_EnvstepsSoFar : 864300
TimeSinceStart : 223.59913420677185
Training Loss : -0.03881808742880821
Baseline Loss : 0.5637369155883789
Initial_DataCollection_AverageReturn : -97.34636688232422
Done logging...




********** Iteration 86 ************

Beginning logging procedure...

Collecting data for eval...
Eval_AverageReturn : 130.18931579589844
Eval_StdReturn : 22.335329055786133
Eval_MaxReturn : 159.38238525390625
Eval_MinReturn : 105.14654541015625
Eval_AverageEpLen : 150.0
Train_AverageReturn : 119.79438018798828
Train_StdReturn : 39.94392395019531
Train_MaxReturn : 218.10658264160156
Train_MinReturn : 3.5952396392822266
Train_AverageEpLen : 150.0
Train_EnvstepsSoFar : 874350
TimeSinceStart : 226.05682826042175
Training Loss : -0.044978585094213486
Baseline Loss : 0.48909538984298706
Initial_DataCollection_AverageReturn : -97.34636688232422
Done logging...




********** Iteration 87 ************

Beginning logging procedure...

Collecting data for eval...
Eval_AverageReturn : 154.71556091308594
Eval_StdReturn : 3.88670015335083
Eval_MaxReturn : 158.8245086669922
Eval_MinReturn : 149.499267578125
Eval_AverageEpLen : 150.0
Train_AverageReturn : 134.32611083984375
Train_StdReturn : 38.81848907470703
Train_MaxReturn : 246.81895446777344
Train_MinReturn : 43.798828125
Train_AverageEpLen : 150.0
Train_EnvstepsSoFar : 884400
TimeSinceStart : 228.52865314483643
Training Loss : -0.0068536484614014626
Baseline Loss : 0.5381121039390564
Initial_DataCollection_AverageReturn : -97.34636688232422
Done logging...




********** Iteration 88 ************

Beginning logging procedure...

Collecting data for eval...
Eval_AverageReturn : 97.25125885009766
Eval_StdReturn : 44.4255485534668
Eval_MaxReturn : 159.96368408203125
Eval_MinReturn : 62.60752868652344
Eval_AverageEpLen : 150.0
Train_AverageReturn : 123.21475982666016
Train_StdReturn : 41.14044189453125
Train_MaxReturn : 214.77252197265625
Train_MinReturn : 35.951866149902344
Train_AverageEpLen : 150.0
Train_EnvstepsSoFar : 894450
TimeSinceStart : 231.04100370407104
Training Loss : -0.04746553301811218
Baseline Loss : 0.589326798915863
Initial_DataCollection_AverageReturn : -97.34636688232422
Done logging...




********** Iteration 89 ************

Beginning logging procedure...

Collecting data for eval...
Eval_AverageReturn : 136.48680114746094
Eval_StdReturn : 3.197369337081909
Eval_MaxReturn : 140.67257690429688
Eval_MinReturn : 132.91262817382812
Eval_AverageEpLen : 150.0
Train_AverageReturn : 122.99191284179688
Train_StdReturn : 41.957401275634766
Train_MaxReturn : 226.27346801757812
Train_MinReturn : 11.63022232055664
Train_AverageEpLen : 150.0
Train_EnvstepsSoFar : 904500
TimeSinceStart : 233.49149203300476
Training Loss : -0.029984459280967712
Baseline Loss : 0.5853903889656067
Initial_DataCollection_AverageReturn : -97.34636688232422
Done logging...




********** Iteration 90 ************

Beginning logging procedure...

Collecting data for eval...
Eval_AverageReturn : 157.0362548828125
Eval_StdReturn : 52.91787338256836
Eval_MaxReturn : 221.04879760742188
Eval_MinReturn : 91.4554672241211
Eval_AverageEpLen : 150.0
Train_AverageReturn : 131.23838806152344
Train_StdReturn : 48.0352897644043
Train_MaxReturn : 241.8064422607422
Train_MinReturn : -103.7495346069336
Train_AverageEpLen : 150.0
Train_EnvstepsSoFar : 914550
TimeSinceStart : 235.8778269290924
Training Loss : -0.03719458729028702
Baseline Loss : 0.6483036875724792
Initial_DataCollection_AverageReturn : -97.34636688232422
Done logging...




********** Iteration 91 ************

Beginning logging procedure...

Collecting data for eval...
Eval_AverageReturn : 155.46847534179688
Eval_StdReturn : 11.824594497680664
Eval_MaxReturn : 169.94686889648438
Eval_MinReturn : 140.98265075683594
Eval_AverageEpLen : 150.0
Train_AverageReturn : 140.95623779296875
Train_StdReturn : 34.64546585083008
Train_MaxReturn : 222.5702362060547
Train_MinReturn : 69.57159423828125
Train_AverageEpLen : 150.0
Train_EnvstepsSoFar : 924600
TimeSinceStart : 238.29750561714172
Training Loss : -0.04815851151943207
Baseline Loss : 0.5839883685112
Initial_DataCollection_AverageReturn : -97.34636688232422
Done logging...




********** Iteration 92 ************

Beginning logging procedure...

Collecting data for eval...
Eval_AverageReturn : 130.47401428222656
Eval_StdReturn : 4.564741611480713
Eval_MaxReturn : 134.31094360351562
Eval_MinReturn : 124.05957794189453
Eval_AverageEpLen : 150.0
Train_AverageReturn : 143.06396484375
Train_StdReturn : 32.67043685913086
Train_MaxReturn : 218.25050354003906
Train_MinReturn : 44.110904693603516
Train_AverageEpLen : 150.0
Train_EnvstepsSoFar : 934650
TimeSinceStart : 240.89283919334412
Training Loss : -0.01896081119775772
Baseline Loss : 0.6121876835823059
Initial_DataCollection_AverageReturn : -97.34636688232422
Done logging...




********** Iteration 93 ************

Beginning logging procedure...

Collecting data for eval...
Eval_AverageReturn : 111.8251724243164
Eval_StdReturn : 26.288637161254883
Eval_MaxReturn : 145.99618530273438
Eval_MinReturn : 82.05522155761719
Eval_AverageEpLen : 150.0
Train_AverageReturn : 137.15676879882812
Train_StdReturn : 32.224853515625
Train_MaxReturn : 199.8856964111328
Train_MinReturn : 71.11774444580078
Train_AverageEpLen : 150.0
Train_EnvstepsSoFar : 944700
TimeSinceStart : 243.09829115867615
Training Loss : -0.021646395325660706
Baseline Loss : 0.5426692962646484
Initial_DataCollection_AverageReturn : -97.34636688232422
Done logging...




********** Iteration 94 ************

Beginning logging procedure...

Collecting data for eval...
Eval_AverageReturn : 141.38902282714844
Eval_StdReturn : 18.031970977783203
Eval_MaxReturn : 156.43040466308594
Eval_MinReturn : 116.03450012207031
Eval_AverageEpLen : 150.0
Train_AverageReturn : 122.86640167236328
Train_StdReturn : 35.33812713623047
Train_MaxReturn : 219.861572265625
Train_MinReturn : 32.932830810546875
Train_AverageEpLen : 150.0
Train_EnvstepsSoFar : 954750
TimeSinceStart : 245.19814324378967
Training Loss : -0.04391173645853996
Baseline Loss : 0.5620678067207336
Initial_DataCollection_AverageReturn : -97.34636688232422
Done logging...




********** Iteration 95 ************

Beginning logging procedure...

Collecting data for eval...
Eval_AverageReturn : 112.66846466064453
Eval_StdReturn : 52.59893798828125
Eval_MaxReturn : 186.2568359375
Eval_MinReturn : 66.46487426757812
Eval_AverageEpLen : 150.0
Train_AverageReturn : 129.1205291748047
Train_StdReturn : 36.44905471801758
Train_MaxReturn : 211.91586303710938
Train_MinReturn : 10.786274909973145
Train_AverageEpLen : 150.0
Train_EnvstepsSoFar : 964800
TimeSinceStart : 247.0963580608368
Training Loss : 0.008476759307086468
Baseline Loss : 0.6393585801124573
Initial_DataCollection_AverageReturn : -97.34636688232422
Done logging...




********** Iteration 96 ************

Beginning logging procedure...

Collecting data for eval...
Eval_AverageReturn : 176.3910675048828
Eval_StdReturn : 14.3358736038208
Eval_MaxReturn : 189.52679443359375
Eval_MinReturn : 156.4491424560547
Eval_AverageEpLen : 150.0
Train_AverageReturn : 153.89610290527344
Train_StdReturn : 37.61419677734375
Train_MaxReturn : 260.8002014160156
Train_MinReturn : 78.8571548461914
Train_AverageEpLen : 150.0
Train_EnvstepsSoFar : 974850
TimeSinceStart : 249.11243271827698
Training Loss : -0.023283474147319794
Baseline Loss : 0.693035900592804
Initial_DataCollection_AverageReturn : -97.34636688232422
Done logging...




********** Iteration 97 ************

Beginning logging procedure...

Collecting data for eval...
Eval_AverageReturn : 210.9046173095703
Eval_StdReturn : 44.4116096496582
Eval_MaxReturn : 273.66949462890625
Eval_MinReturn : 177.5186004638672
Eval_AverageEpLen : 150.0
Train_AverageReturn : 189.84930419921875
Train_StdReturn : 39.09423828125
Train_MaxReturn : 284.25921630859375
Train_MinReturn : 75.78778076171875
Train_AverageEpLen : 150.0
Train_EnvstepsSoFar : 984900
TimeSinceStart : 250.99465942382812
Training Loss : -0.004655851516872644
Baseline Loss : 0.8154832124710083
Initial_DataCollection_AverageReturn : -97.34636688232422
Done logging...




********** Iteration 98 ************

Beginning logging procedure...

Collecting data for eval...
Eval_AverageReturn : 198.6043243408203
Eval_StdReturn : 27.239843368530273
Eval_MaxReturn : 229.24908447265625
Eval_MinReturn : 163.06591796875
Eval_AverageEpLen : 150.0
Train_AverageReturn : 219.09771728515625
Train_StdReturn : 43.12299728393555
Train_MaxReturn : 330.98486328125
Train_MinReturn : 140.94927978515625
Train_AverageEpLen : 150.0
Train_EnvstepsSoFar : 994950
TimeSinceStart : 253.19767951965332
Training Loss : -0.026014992967247963
Baseline Loss : 0.7681264281272888
Initial_DataCollection_AverageReturn : -97.34636688232422
Done logging...




********** Iteration 99 ************

Beginning logging procedure...

Collecting data for eval...
Eval_AverageReturn : 161.28770446777344
Eval_StdReturn : 39.76374435424805
Eval_MaxReturn : 215.0328369140625
Eval_MinReturn : 120.08586120605469
Eval_AverageEpLen : 150.0
Train_AverageReturn : 208.27391052246094
Train_StdReturn : 56.18996810913086
Train_MaxReturn : 352.19134521484375
Train_MinReturn : 49.24428939819336
Train_AverageEpLen : 150.0
Train_EnvstepsSoFar : 1005000
TimeSinceStart : 255.06275963783264
Training Loss : -0.021306481212377548
Baseline Loss : 0.648505687713623
Initial_DataCollection_AverageReturn : -97.34636688232422
Done logging...


