Gym has been unmaintained since 2022 and does not support NumPy 2.0 amongst other critical functionality.
Please upgrade to Gymnasium, the maintained drop-in replacement of Gym, or contact the authors of your software and request that they upgrade.
See the migration guide at https://gymnasium.farama.org/introduction/migration_guide/ for additional information.
/home/nick12138/projects/16831-F26-HW/.conda/rob831/lib/python3.10/site-packages/Cython/Distutils/old_build_ext.py:15: DeprecationWarning: dep_util is Deprecated. Use functions from setuptools instead.
  from distutils.dep_util import newer, newer_group
<frozen importlib._bootstrap>:283: DeprecationWarning: the load_module() method is deprecated and slated for removal in Python 3.12; use exec_module() instead
/home/nick12138/projects/16831-F26-HW/.conda/rob831/lib/python3.10/site-packages/gym/core.py:329: DeprecationWarning: [33mWARN: Initializing wrapper in old step API which returns one bool instead of two. It is recommended to set `new_step_api=True` to use new step API. This will be the default behaviour in future.[0m
  deprecation(
/home/nick12138/projects/16831-F26-HW/.conda/rob831/lib/python3.10/site-packages/gym/wrappers/step_api_compatibility.py:39: DeprecationWarning: [33mWARN: Initializing environment in old step API which returns one bool instead of two. It is recommended to set `new_step_api=True` to use new step API. This will be the default behaviour in future.[0m
  deprecation(
/home/nick12138/projects/16831-F26-HW/.conda/rob831/lib/python3.10/site-packages/gym/core.py:268: DeprecationWarning: [33mWARN: Function `env.seed(seed)` is marked as deprecated and will be removed in the future. Please use `env.reset(seed=seed)` instead.[0m
  deprecation(
/home/nick12138/projects/16831-F26-HW/.conda/rob831/lib/python3.10/site-packages/matplotlib/_fontconfig_pattern.py:64: PyparsingDeprecationWarning: 'oneOf' deprecated - use 'one_of'
  prop = Group((name + Suppress("=") + comma_separated(value)) | oneOf(_CONSTANTS))
/home/nick12138/projects/16831-F26-HW/.conda/rob831/lib/python3.10/site-packages/matplotlib/_fontconfig_pattern.py:85: PyparsingDeprecationWarning: 'parseString' deprecated - use 'parse_string'
  parse = parser.parseString(pattern)
/home/nick12138/projects/16831-F26-HW/.conda/rob831/lib/python3.10/site-packages/matplotlib/_fontconfig_pattern.py:89: PyparsingDeprecationWarning: 'resetCache' deprecated - use 'reset_cache'
  parser.resetCache()
/home/nick12138/projects/16831-F26-HW/.conda/rob831/lib/python3.10/site-packages/gym/utils/passive_env_checker.py:241: DeprecationWarning: `np.bool8` is a deprecated alias for `np.bool_`.  (Deprecated NumPy 1.24)
  if not isinstance(terminated, (bool, np.bool8)):
/home/nick12138/projects/16831-F26-HW/.conda/rob831/lib/python3.10/site-packages/tensorboardX/summary.py:153: DeprecationWarning: Conversion of an array with ndim > 0 to a scalar is deprecated, and will error in future. Ensure you extract a single element from your array before performing this operation. (Deprecated NumPy 1.25.)
  scalar = float(scalar)
########################
logging outputs to  /home/nick12138/projects/16831-F26-HW/hw2/rob831/scripts/../../data/q2_b50_r0.03_InvertedPendulum-v4_29-09-2026_11-16-12
########################
GPU not detected. Defaulting to CPU.


********** Iteration 0 ************

Beginning logging procedure...

Collecting data for eval...
Eval_AverageReturn : 9.571428298950195
Eval_StdReturn : 2.2692861557006836
Eval_MaxReturn : 16.0
Eval_MinReturn : 6.0
Eval_AverageEpLen : 9.571428571428571
Train_AverageReturn : 16.75
Train_StdReturn : 19.201236724853516
Train_MaxReturn : 50.0
Train_MinReturn : 5.0
Train_AverageEpLen : 16.75
Train_EnvstepsSoFar : 67
TimeSinceStart : 0.09792613983154297
Training Loss : 0.026062488555908203
Baseline Loss : 0
Initial_DataCollection_AverageReturn : 16.75
Done logging...




********** Iteration 1 ************

Beginning logging procedure...

Collecting data for eval...
Eval_AverageReturn : 34.91666793823242
Eval_StdReturn : 13.972940444946289
Eval_MaxReturn : 61.0
Eval_MinReturn : 19.0
Eval_AverageEpLen : 34.916666666666664
Train_AverageReturn : 10.666666984558105
Train_StdReturn : 2.924988031387329
Train_MaxReturn : 17.0
Train_MinReturn : 8.0
Train_AverageEpLen : 10.666666666666666
Train_EnvstepsSoFar : 131
TimeSinceStart : 0.24353647232055664
Training Loss : 0.0008122777217067778
Baseline Loss : 0
Initial_DataCollection_AverageReturn : 16.75
Done logging...




********** Iteration 2 ************

Beginning logging procedure...

Collecting data for eval...
Eval_AverageReturn : 12.484848022460938
Eval_StdReturn : 4.321343898773193
Eval_MaxReturn : 23.0
Eval_MinReturn : 5.0
Eval_AverageEpLen : 12.484848484848484
Train_AverageReturn : 32.0
Train_StdReturn : 5.0
Train_MaxReturn : 37.0
Train_MinReturn : 27.0
Train_AverageEpLen : 32.0
Train_EnvstepsSoFar : 195
TimeSinceStart : 0.36020612716674805
Training Loss : 0.06173389405012131
Baseline Loss : 0
Initial_DataCollection_AverageReturn : 16.75
Done logging...




********** Iteration 3 ************

Beginning logging procedure...

Collecting data for eval...
Eval_AverageReturn : 17.39130401611328
Eval_StdReturn : 7.654150009155273
Eval_MaxReturn : 43.0
Eval_MinReturn : 8.0
Eval_AverageEpLen : 17.391304347826086
Train_AverageReturn : 14.5
Train_StdReturn : 4.387482166290283
Train_MaxReturn : 21.0
Train_MinReturn : 10.0
Train_AverageEpLen : 14.5
Train_EnvstepsSoFar : 253
TimeSinceStart : 0.4708244800567627
Training Loss : -0.05847039818763733
Baseline Loss : 0
Initial_DataCollection_AverageReturn : 16.75
Done logging...




********** Iteration 4 ************

Beginning logging procedure...

Collecting data for eval...
Eval_AverageReturn : 41.0
Eval_StdReturn : 16.462078094482422
Eval_MaxReturn : 64.0
Eval_MinReturn : 14.0
Eval_AverageEpLen : 41.0
Train_AverageReturn : 14.399999618530273
Train_StdReturn : 6.52993106842041
Train_MaxReturn : 27.0
Train_MinReturn : 9.0
Train_AverageEpLen : 14.4
Train_EnvstepsSoFar : 325
TimeSinceStart : 0.5947861671447754
Training Loss : 0.003920096904039383
Baseline Loss : 0
Initial_DataCollection_AverageReturn : 16.75
Done logging...




********** Iteration 5 ************

Beginning logging procedure...

Collecting data for eval...
Eval_AverageReturn : 24.058822631835938
Eval_StdReturn : 14.846155166625977
Eval_MaxReturn : 65.0
Eval_MinReturn : 6.0
Eval_AverageEpLen : 24.058823529411764
Train_AverageReturn : 43.0
Train_StdReturn : 19.0
Train_MaxReturn : 62.0
Train_MinReturn : 24.0
Train_AverageEpLen : 43.0
Train_EnvstepsSoFar : 411
TimeSinceStart : 0.7039899826049805
Training Loss : -0.04713147506117821
Baseline Loss : 0
Initial_DataCollection_AverageReturn : 16.75
Done logging...




********** Iteration 6 ************

Beginning logging procedure...

Collecting data for eval...
Eval_AverageReturn : 12.617647171020508
Eval_StdReturn : 7.046128273010254
Eval_MaxReturn : 34.0
Eval_MinReturn : 4.0
Eval_AverageEpLen : 12.617647058823529
Train_AverageReturn : 40.5
Train_StdReturn : 0.5
Train_MaxReturn : 41.0
Train_MinReturn : 40.0
Train_AverageEpLen : 40.5
Train_EnvstepsSoFar : 492
TimeSinceStart : 0.7878854274749756
Training Loss : 0.03012724593281746
Baseline Loss : 0
Initial_DataCollection_AverageReturn : 16.75
Done logging...




********** Iteration 7 ************

Beginning logging procedure...

Collecting data for eval...
Eval_AverageReturn : 8.26530647277832
Eval_StdReturn : 4.014135837554932
Eval_MaxReturn : 24.0
Eval_MinReturn : 3.0
Eval_AverageEpLen : 8.26530612244898
Train_AverageReturn : 10.600000381469727
Train_StdReturn : 2.059126138687134
Train_MaxReturn : 14.0
Train_MinReturn : 8.0
Train_AverageEpLen : 10.6
Train_EnvstepsSoFar : 545
TimeSinceStart : 0.8612275123596191
Training Loss : -0.24082843959331512
Baseline Loss : 0
Initial_DataCollection_AverageReturn : 16.75
Done logging...




********** Iteration 8 ************

Beginning logging procedure...

Collecting data for eval...
Eval_AverageReturn : 6.639344215393066
Eval_StdReturn : 3.0570144653320312
Eval_MaxReturn : 18.0
Eval_MinReturn : 3.0
Eval_AverageEpLen : 6.639344262295082
Train_AverageReturn : 8.0
Train_StdReturn : 4.0
Train_MaxReturn : 14.0
Train_MinReturn : 3.0
Train_AverageEpLen : 8.0
Train_EnvstepsSoFar : 601
TimeSinceStart : 0.9742276668548584
Training Loss : 0.012368463911116123
Baseline Loss : 0
Initial_DataCollection_AverageReturn : 16.75
Done logging...




********** Iteration 9 ************

Beginning logging procedure...

Collecting data for eval...
Eval_AverageReturn : 7.160714149475098
Eval_StdReturn : 4.312675476074219
Eval_MaxReturn : 28.0
Eval_MinReturn : 3.0
Eval_AverageEpLen : 7.160714285714286
Train_AverageReturn : 8.5
Train_StdReturn : 4.68152379989624
Train_MaxReturn : 18.0
Train_MinReturn : 4.0
Train_AverageEpLen : 8.5
Train_EnvstepsSoFar : 652
TimeSinceStart : 1.059682846069336
Training Loss : -0.06614075601100922
Baseline Loss : 0
Initial_DataCollection_AverageReturn : 16.75
Done logging...




********** Iteration 10 ************

Beginning logging procedure...

Collecting data for eval...
Eval_AverageReturn : 12.6875
Eval_StdReturn : 10.607891082763672
Eval_MaxReturn : 54.0
Eval_MinReturn : 4.0
Eval_AverageEpLen : 12.6875
Train_AverageReturn : 7.5714287757873535
Train_StdReturn : 6.020373821258545
Train_MaxReturn : 22.0
Train_MinReturn : 3.0
Train_AverageEpLen : 7.571428571428571
Train_EnvstepsSoFar : 705
TimeSinceStart : 1.2026236057281494
Training Loss : 0.11591131240129471
Baseline Loss : 0
Initial_DataCollection_AverageReturn : 16.75
Done logging...




********** Iteration 11 ************

Beginning logging procedure...

Collecting data for eval...
Eval_AverageReturn : 37.83333206176758
Eval_StdReturn : 17.64385223388672
Eval_MaxReturn : 66.0
Eval_MinReturn : 16.0
Eval_AverageEpLen : 37.833333333333336
Train_AverageReturn : 10.600000381469727
Train_StdReturn : 5.885575771331787
Train_MaxReturn : 22.0
Train_MinReturn : 5.0
Train_AverageEpLen : 10.6
Train_EnvstepsSoFar : 758
TimeSinceStart : 1.336310863494873
Training Loss : -0.12922810018062592
Baseline Loss : 0
Initial_DataCollection_AverageReturn : 16.75
Done logging...




********** Iteration 12 ************

Beginning logging procedure...

Collecting data for eval...
Eval_AverageReturn : 59.14285659790039
Eval_StdReturn : 27.2104434967041
Eval_MaxReturn : 97.0
Eval_MinReturn : 17.0
Eval_AverageEpLen : 59.142857142857146
Train_AverageReturn : 51.0
Train_StdReturn : 0.0
Train_MaxReturn : 51.0
Train_MinReturn : 51.0
Train_AverageEpLen : 51.0
Train_EnvstepsSoFar : 809
TimeSinceStart : 1.4538164138793945
Training Loss : -0.1713281124830246
Baseline Loss : 0
Initial_DataCollection_AverageReturn : 16.75
Done logging...




********** Iteration 13 ************

Beginning logging procedure...

Collecting data for eval...
Eval_AverageReturn : 56.375
Eval_StdReturn : 21.638723373413086
Eval_MaxReturn : 86.0
Eval_MinReturn : 22.0
Eval_AverageEpLen : 56.375
Train_AverageReturn : 45.5
Train_StdReturn : 2.5
Train_MaxReturn : 48.0
Train_MinReturn : 43.0
Train_AverageEpLen : 45.5
Train_EnvstepsSoFar : 900
TimeSinceStart : 1.5777654647827148
Training Loss : -0.0337725430727005
Baseline Loss : 0
Initial_DataCollection_AverageReturn : 16.75
Done logging...




********** Iteration 14 ************

Beginning logging procedure...

Collecting data for eval...
Eval_AverageReturn : 68.5
Eval_StdReturn : 18.02544403076172
Eval_MaxReturn : 90.0
Eval_MinReturn : 37.0
Eval_AverageEpLen : 68.5
Train_AverageReturn : 122.0
Train_StdReturn : 0.0
Train_MaxReturn : 122.0
Train_MinReturn : 122.0
Train_AverageEpLen : 122.0
Train_EnvstepsSoFar : 1022
TimeSinceStart : 1.7091014385223389
Training Loss : -0.02484121546149254
Baseline Loss : 0
Initial_DataCollection_AverageReturn : 16.75
Done logging...




********** Iteration 15 ************

Beginning logging procedure...

Collecting data for eval...
Eval_AverageReturn : 46.44444274902344
Eval_StdReturn : 35.0082893371582
Eval_MaxReturn : 130.0
Eval_MinReturn : 9.0
Eval_AverageEpLen : 46.44444444444444
Train_AverageReturn : 63.0
Train_StdReturn : 0.0
Train_MaxReturn : 63.0
Train_MinReturn : 63.0
Train_AverageEpLen : 63.0
Train_EnvstepsSoFar : 1085
TimeSinceStart : 1.7930710315704346
Training Loss : -0.12306352704763412
Baseline Loss : 0
Initial_DataCollection_AverageReturn : 16.75
Done logging...




********** Iteration 16 ************

Beginning logging procedure...

Collecting data for eval...
Eval_AverageReturn : 34.0
Eval_StdReturn : 16.337779998779297
Eval_MaxReturn : 61.0
Eval_MinReturn : 7.0
Eval_AverageEpLen : 34.0
Train_AverageReturn : 30.5
Train_StdReturn : 8.5
Train_MaxReturn : 39.0
Train_MinReturn : 22.0
Train_AverageEpLen : 30.5
Train_EnvstepsSoFar : 1146
TimeSinceStart : 1.9070274829864502
Training Loss : 0.1267673373222351
Baseline Loss : 0
Initial_DataCollection_AverageReturn : 16.75
Done logging...




********** Iteration 17 ************

Beginning logging procedure...

Collecting data for eval...
Eval_AverageReturn : 45.599998474121094
Eval_StdReturn : 14.69149398803711
Eval_MaxReturn : 72.0
Eval_MinReturn : 14.0
Eval_AverageEpLen : 45.6
Train_AverageReturn : 25.66666603088379
Train_StdReturn : 20.741798400878906
Train_MaxReturn : 55.0
Train_MinReturn : 11.0
Train_AverageEpLen : 25.666666666666668
Train_EnvstepsSoFar : 1223
TimeSinceStart : 2.0255331993103027
Training Loss : 0.044299427419900894
Baseline Loss : 0
Initial_DataCollection_AverageReturn : 16.75
Done logging...




********** Iteration 18 ************

Beginning logging procedure...

Collecting data for eval...
Eval_AverageReturn : 60.57143020629883
Eval_StdReturn : 23.903718948364258
Eval_MaxReturn : 110.0
Eval_MinReturn : 35.0
Eval_AverageEpLen : 60.57142857142857
Train_AverageReturn : 48.0
Train_StdReturn : 7.0
Train_MaxReturn : 55.0
Train_MinReturn : 41.0
Train_AverageEpLen : 48.0
Train_EnvstepsSoFar : 1319
TimeSinceStart : 2.1315226554870605
Training Loss : -0.13782227039337158
Baseline Loss : 0
Initial_DataCollection_AverageReturn : 16.75
Done logging...




********** Iteration 19 ************

Beginning logging procedure...

Collecting data for eval...
Eval_AverageReturn : 63.85714340209961
Eval_StdReturn : 14.999319076538086
Eval_MaxReturn : 87.0
Eval_MinReturn : 45.0
Eval_AverageEpLen : 63.857142857142854
Train_AverageReturn : 50.0
Train_StdReturn : 0.0
Train_MaxReturn : 50.0
Train_MinReturn : 50.0
Train_AverageEpLen : 50.0
Train_EnvstepsSoFar : 1369
TimeSinceStart : 2.247833490371704
Training Loss : 0.1406557559967041
Baseline Loss : 0
Initial_DataCollection_AverageReturn : 16.75
Done logging...




********** Iteration 20 ************

Beginning logging procedure...

Collecting data for eval...
Eval_AverageReturn : 77.16666412353516
Eval_StdReturn : 16.18040657043457
Eval_MaxReturn : 105.0
Eval_MinReturn : 52.0
Eval_AverageEpLen : 77.16666666666667
Train_AverageReturn : 58.0
Train_StdReturn : 0.0
Train_MaxReturn : 58.0
Train_MinReturn : 58.0
Train_AverageEpLen : 58.0
Train_EnvstepsSoFar : 1427
TimeSinceStart : 2.3498497009277344
Training Loss : 0.057577721774578094
Baseline Loss : 0
Initial_DataCollection_AverageReturn : 16.75
Done logging...




********** Iteration 21 ************

Beginning logging procedure...

Collecting data for eval...
Eval_AverageReturn : 98.0
Eval_StdReturn : 12.116105079650879
Eval_MaxReturn : 110.0
Eval_MinReturn : 75.0
Eval_AverageEpLen : 98.0
Train_AverageReturn : 50.0
Train_StdReturn : 0.0
Train_MaxReturn : 50.0
Train_MinReturn : 50.0
Train_AverageEpLen : 50.0
Train_EnvstepsSoFar : 1477
TimeSinceStart : 2.4811418056488037
Training Loss : 2.8002261387882754e-05
Baseline Loss : 0
Initial_DataCollection_AverageReturn : 16.75
Done logging...




********** Iteration 22 ************

Beginning logging procedure...

Collecting data for eval...
Eval_AverageReturn : 107.25
Eval_StdReturn : 16.299922943115234
Eval_MaxReturn : 134.0
Eval_MinReturn : 90.0
Eval_AverageEpLen : 107.25
Train_AverageReturn : 107.0
Train_StdReturn : 0.0
Train_MaxReturn : 107.0
Train_MinReturn : 107.0
Train_AverageEpLen : 107.0
Train_EnvstepsSoFar : 1584
TimeSinceStart : 2.6087992191314697
Training Loss : -0.016758203506469727
Baseline Loss : 0
Initial_DataCollection_AverageReturn : 16.75
Done logging...




********** Iteration 23 ************

Beginning logging procedure...

Collecting data for eval...
Eval_AverageReturn : 117.25
Eval_StdReturn : 14.077908515930176
Eval_MaxReturn : 139.0
Eval_MinReturn : 101.0
Eval_AverageEpLen : 117.25
Train_AverageReturn : 93.0
Train_StdReturn : 0.0
Train_MaxReturn : 93.0
Train_MinReturn : 93.0
Train_AverageEpLen : 93.0
Train_EnvstepsSoFar : 1677
TimeSinceStart : 2.7666373252868652
Training Loss : -0.05346928909420967
Baseline Loss : 0
Initial_DataCollection_AverageReturn : 16.75
Done logging...




********** Iteration 24 ************

Beginning logging procedure...

Collecting data for eval...
Eval_AverageReturn : 218.0
Eval_StdReturn : 95.0
Eval_MaxReturn : 313.0
Eval_MinReturn : 123.0
Eval_AverageEpLen : 218.0
Train_AverageReturn : 93.0
Train_StdReturn : 0.0
Train_MaxReturn : 93.0
Train_MinReturn : 93.0
Train_AverageEpLen : 93.0
Train_EnvstepsSoFar : 1770
TimeSinceStart : 2.856114149093628
Training Loss : -0.023460932075977325
Baseline Loss : 0
Initial_DataCollection_AverageReturn : 16.75
Done logging...




********** Iteration 25 ************

Beginning logging procedure...

Collecting data for eval...
Eval_AverageReturn : 107.19999694824219
Eval_StdReturn : 91.21052551269531
Eval_MaxReturn : 246.0
Eval_MinReturn : 31.0
Eval_AverageEpLen : 107.2
Train_AverageReturn : 186.0
Train_StdReturn : 0.0
Train_MaxReturn : 186.0
Train_MinReturn : 186.0
Train_AverageEpLen : 186.0
Train_EnvstepsSoFar : 1956
TimeSinceStart : 3.0132529735565186
Training Loss : 0.045911408960819244
Baseline Loss : 0
Initial_DataCollection_AverageReturn : 16.75
Done logging...




********** Iteration 26 ************

Beginning logging procedure...

Collecting data for eval...
Eval_AverageReturn : 44.099998474121094
Eval_StdReturn : 34.702880859375
Eval_MaxReturn : 134.0
Eval_MinReturn : 12.0
Eval_AverageEpLen : 44.1
Train_AverageReturn : 50.0
Train_StdReturn : 0.0
Train_MaxReturn : 50.0
Train_MinReturn : 50.0
Train_AverageEpLen : 50.0
Train_EnvstepsSoFar : 2006
TimeSinceStart : 3.1252119541168213
Training Loss : -0.07534906268119812
Baseline Loss : 0
Initial_DataCollection_AverageReturn : 16.75
Done logging...




********** Iteration 27 ************

Beginning logging procedure...

Collecting data for eval...
Eval_AverageReturn : 40.099998474121094
Eval_StdReturn : 30.230613708496094
Eval_MaxReturn : 104.0
Eval_MinReturn : 6.0
Eval_AverageEpLen : 40.1
Train_AverageReturn : 31.5
Train_StdReturn : 17.5
Train_MaxReturn : 49.0
Train_MinReturn : 14.0
Train_AverageEpLen : 31.5
Train_EnvstepsSoFar : 2069
TimeSinceStart : 3.24936842918396
Training Loss : -0.051637906581163406
Baseline Loss : 0
Initial_DataCollection_AverageReturn : 16.75
Done logging...




********** Iteration 28 ************

Beginning logging procedure...

Collecting data for eval...
Eval_AverageReturn : 67.71428680419922
Eval_StdReturn : 52.665287017822266
Eval_MaxReturn : 159.0
Eval_MinReturn : 13.0
Eval_AverageEpLen : 67.71428571428571
Train_AverageReturn : 32.5
Train_StdReturn : 4.5
Train_MaxReturn : 37.0
Train_MinReturn : 28.0
Train_AverageEpLen : 32.5
Train_EnvstepsSoFar : 2134
TimeSinceStart : 3.378331422805786
Training Loss : 0.0049324254505336285
Baseline Loss : 0
Initial_DataCollection_AverageReturn : 16.75
Done logging...




********** Iteration 29 ************

Beginning logging procedure...

Collecting data for eval...
Eval_AverageReturn : 71.14286041259766
Eval_StdReturn : 41.07285690307617
Eval_MaxReturn : 133.0
Eval_MinReturn : 16.0
Eval_AverageEpLen : 71.14285714285714
Train_AverageReturn : 144.0
Train_StdReturn : 121.0
Train_MaxReturn : 265.0
Train_MinReturn : 23.0
Train_AverageEpLen : 144.0
Train_EnvstepsSoFar : 2422
TimeSinceStart : 3.5548977851867676
Training Loss : -0.056960031390190125
Baseline Loss : 0
Initial_DataCollection_AverageReturn : 16.75
Done logging...




********** Iteration 30 ************

Beginning logging procedure...

Collecting data for eval...
Eval_AverageReturn : 161.3333282470703
Eval_StdReturn : 81.60609436035156
Eval_MaxReturn : 248.0
Eval_MinReturn : 52.0
Eval_AverageEpLen : 161.33333333333334
Train_AverageReturn : 45.0
Train_StdReturn : 33.0
Train_MaxReturn : 78.0
Train_MinReturn : 12.0
Train_AverageEpLen : 45.0
Train_EnvstepsSoFar : 2512
TimeSinceStart : 3.679515838623047
Training Loss : -0.13872727751731873
Baseline Loss : 0
Initial_DataCollection_AverageReturn : 16.75
Done logging...




********** Iteration 31 ************

Beginning logging procedure...

Collecting data for eval...
Eval_AverageReturn : 294.0
Eval_StdReturn : 14.0
Eval_MaxReturn : 308.0
Eval_MinReturn : 280.0
Eval_AverageEpLen : 294.0
Train_AverageReturn : 114.0
Train_StdReturn : 92.0
Train_MaxReturn : 206.0
Train_MinReturn : 22.0
Train_AverageEpLen : 114.0
Train_EnvstepsSoFar : 2740
TimeSinceStart : 3.8392670154571533
Training Loss : -0.0036949566565454006
Baseline Loss : 0
Initial_DataCollection_AverageReturn : 16.75
Done logging...




********** Iteration 32 ************

Beginning logging procedure...

Collecting data for eval...
Eval_AverageReturn : 345.0
Eval_StdReturn : 38.0
Eval_MaxReturn : 383.0
Eval_MinReturn : 307.0
Eval_AverageEpLen : 345.0
Train_AverageReturn : 259.0
Train_StdReturn : 0.0
Train_MaxReturn : 259.0
Train_MinReturn : 259.0
Train_AverageEpLen : 259.0
Train_EnvstepsSoFar : 2999
TimeSinceStart : 4.053395986557007
Training Loss : 0.02072000689804554
Baseline Loss : 0
Initial_DataCollection_AverageReturn : 16.75
Done logging...




********** Iteration 33 ************

Beginning logging procedure...

Collecting data for eval...
Eval_AverageReturn : 436.0
Eval_StdReturn : 0.0
Eval_MaxReturn : 436.0
Eval_MinReturn : 436.0
Eval_AverageEpLen : 436.0
Train_AverageReturn : 420.0
Train_StdReturn : 0.0
Train_MaxReturn : 420.0
Train_MinReturn : 420.0
Train_AverageEpLen : 420.0
Train_EnvstepsSoFar : 3419
TimeSinceStart : 4.21845269203186
Training Loss : -0.028464484959840775
Baseline Loss : 0
Initial_DataCollection_AverageReturn : 16.75
Done logging...




********** Iteration 34 ************

Beginning logging procedure...

Collecting data for eval...
Eval_AverageReturn : 161.0
Eval_StdReturn : 35.693138122558594
Eval_MaxReturn : 207.0
Eval_MinReturn : 120.0
Eval_AverageEpLen : 161.0
Train_AverageReturn : 302.0
Train_StdReturn : 0.0
Train_MaxReturn : 302.0
Train_MinReturn : 302.0
Train_AverageEpLen : 302.0
Train_EnvstepsSoFar : 3721
TimeSinceStart : 4.4086058139801025
Training Loss : -0.029889265075325966
Baseline Loss : 0
Initial_DataCollection_AverageReturn : 16.75
Done logging...




********** Iteration 35 ************

Beginning logging procedure...

Collecting data for eval...
Eval_AverageReturn : 142.0
Eval_StdReturn : 25.468935012817383
Eval_MaxReturn : 161.0
Eval_MinReturn : 106.0
Eval_AverageEpLen : 142.0
Train_AverageReturn : 137.0
Train_StdReturn : 0.0
Train_MaxReturn : 137.0
Train_MinReturn : 137.0
Train_AverageEpLen : 137.0
Train_EnvstepsSoFar : 3858
TimeSinceStart : 4.545388221740723
Training Loss : 0.10199999064207077
Baseline Loss : 0
Initial_DataCollection_AverageReturn : 16.75
Done logging...




********** Iteration 36 ************

Beginning logging procedure...

Collecting data for eval...
Eval_AverageReturn : 156.6666717529297
Eval_StdReturn : 19.189117431640625
Eval_MaxReturn : 180.0
Eval_MinReturn : 133.0
Eval_AverageEpLen : 156.66666666666666
Train_AverageReturn : 184.0
Train_StdReturn : 0.0
Train_MaxReturn : 184.0
Train_MinReturn : 184.0
Train_AverageEpLen : 184.0
Train_EnvstepsSoFar : 4042
TimeSinceStart : 4.677158355712891
Training Loss : -0.07468662410974503
Baseline Loss : 0
Initial_DataCollection_AverageReturn : 16.75
Done logging...




********** Iteration 37 ************

Beginning logging procedure...

Collecting data for eval...
Eval_AverageReturn : 162.3333282470703
Eval_StdReturn : 55.721527099609375
Eval_MaxReturn : 227.0
Eval_MinReturn : 91.0
Eval_AverageEpLen : 162.33333333333334
Train_AverageReturn : 165.0
Train_StdReturn : 0.0
Train_MaxReturn : 165.0
Train_MinReturn : 165.0
Train_AverageEpLen : 165.0
Train_EnvstepsSoFar : 4207
TimeSinceStart : 4.824276685714722
Training Loss : -0.018280725926160812
Baseline Loss : 0
Initial_DataCollection_AverageReturn : 16.75
Done logging...




********** Iteration 38 ************

Beginning logging procedure...

Collecting data for eval...
Eval_AverageReturn : 175.0
Eval_StdReturn : 126.72016143798828
Eval_MaxReturn : 354.0
Eval_MinReturn : 78.0
Eval_AverageEpLen : 175.0
Train_AverageReturn : 91.0
Train_StdReturn : 0.0
Train_MaxReturn : 91.0
Train_MinReturn : 91.0
Train_AverageEpLen : 91.0
Train_EnvstepsSoFar : 4298
TimeSinceStart : 4.947291374206543
Training Loss : 0.10248879343271255
Baseline Loss : 0
Initial_DataCollection_AverageReturn : 16.75
Done logging...




********** Iteration 39 ************

Beginning logging procedure...

Collecting data for eval...
Eval_AverageReturn : 222.3333282470703
Eval_StdReturn : 62.0555305480957
Eval_MaxReturn : 310.0
Eval_MinReturn : 175.0
Eval_AverageEpLen : 222.33333333333334
Train_AverageReturn : 240.0
Train_StdReturn : 0.0
Train_MaxReturn : 240.0
Train_MinReturn : 240.0
Train_AverageEpLen : 240.0
Train_EnvstepsSoFar : 4538
TimeSinceStart : 5.1469643115997314
Training Loss : -0.05424584820866585
Baseline Loss : 0
Initial_DataCollection_AverageReturn : 16.75
Done logging...




********** Iteration 40 ************

Beginning logging procedure...

Collecting data for eval...
Eval_AverageReturn : 84.0
Eval_StdReturn : 41.458412170410156
Eval_MaxReturn : 166.0
Eval_MinReturn : 52.0
Eval_AverageEpLen : 84.0
Train_AverageReturn : 83.0
Train_StdReturn : 0.0
Train_MaxReturn : 83.0
Train_MinReturn : 83.0
Train_AverageEpLen : 83.0
Train_EnvstepsSoFar : 4621
TimeSinceStart : 5.2625572681427
Training Loss : -0.005438873078674078
Baseline Loss : 0
Initial_DataCollection_AverageReturn : 16.75
Done logging...




********** Iteration 41 ************

Beginning logging procedure...

Collecting data for eval...
Eval_AverageReturn : 52.375
Eval_StdReturn : 21.464723587036133
Eval_MaxReturn : 96.0
Eval_MinReturn : 32.0
Eval_AverageEpLen : 52.375
Train_AverageReturn : 68.0
Train_StdReturn : 0.0
Train_MaxReturn : 68.0
Train_MinReturn : 68.0
Train_AverageEpLen : 68.0
Train_EnvstepsSoFar : 4689
TimeSinceStart : 5.395962953567505
Training Loss : 0.06191084533929825
Baseline Loss : 0
Initial_DataCollection_AverageReturn : 16.75
Done logging...




********** Iteration 42 ************

Beginning logging procedure...

Collecting data for eval...
Eval_AverageReturn : 42.099998474121094
Eval_StdReturn : 20.18638038635254
Eval_MaxReturn : 82.0
Eval_MinReturn : 16.0
Eval_AverageEpLen : 42.1
Train_AverageReturn : 48.0
Train_StdReturn : 0.0
Train_MaxReturn : 48.0
Train_MinReturn : 48.0
Train_AverageEpLen : 48.0
Train_EnvstepsSoFar : 4785
TimeSinceStart : 5.513934373855591
Training Loss : 0.11454791575670242
Baseline Loss : 0
Initial_DataCollection_AverageReturn : 16.75
Done logging...




********** Iteration 43 ************

Beginning logging procedure...

Collecting data for eval...
Eval_AverageReturn : 35.08333206176758
Eval_StdReturn : 13.155850410461426
Eval_MaxReturn : 51.0
Eval_MinReturn : 13.0
Eval_AverageEpLen : 35.083333333333336
Train_AverageReturn : 31.5
Train_StdReturn : 9.5
Train_MaxReturn : 41.0
Train_MinReturn : 22.0
Train_AverageEpLen : 31.5
Train_EnvstepsSoFar : 4848
TimeSinceStart : 5.588334083557129
Training Loss : -0.07508202642202377
Baseline Loss : 0
Initial_DataCollection_AverageReturn : 16.75
Done logging...




********** Iteration 44 ************

Beginning logging procedure...

Collecting data for eval...
Eval_AverageReturn : 33.33333206176758
Eval_StdReturn : 16.18813133239746
Eval_MaxReturn : 70.0
Eval_MinReturn : 17.0
Eval_AverageEpLen : 33.333333333333336
Train_AverageReturn : 54.0
Train_StdReturn : 0.0
Train_MaxReturn : 54.0
Train_MinReturn : 54.0
Train_AverageEpLen : 54.0
Train_EnvstepsSoFar : 4902
TimeSinceStart : 5.697102069854736
Training Loss : 0.07730085402727127
Baseline Loss : 0
Initial_DataCollection_AverageReturn : 16.75
Done logging...




********** Iteration 45 ************

Beginning logging procedure...

Collecting data for eval...
Eval_AverageReturn : 34.33333206176758
Eval_StdReturn : 7.771028518676758
Eval_MaxReturn : 45.0
Eval_MinReturn : 21.0
Eval_AverageEpLen : 34.333333333333336
Train_AverageReturn : 28.0
Train_StdReturn : 5.0
Train_MaxReturn : 33.0
Train_MinReturn : 23.0
Train_AverageEpLen : 28.0
Train_EnvstepsSoFar : 4958
TimeSinceStart : 5.775026321411133
Training Loss : -0.15915533900260925
Baseline Loss : 0
Initial_DataCollection_AverageReturn : 16.75
Done logging...




********** Iteration 46 ************

Beginning logging procedure...

Collecting data for eval...
Eval_AverageReturn : 30.923076629638672
Eval_StdReturn : 11.990133285522461
Eval_MaxReturn : 42.0
Eval_MinReturn : 10.0
Eval_AverageEpLen : 30.923076923076923
Train_AverageReturn : 25.0
Train_StdReturn : 10.0
Train_MaxReturn : 35.0
Train_MinReturn : 15.0
Train_AverageEpLen : 25.0
Train_EnvstepsSoFar : 5008
TimeSinceStart : 5.885854244232178
Training Loss : 0.04215899482369423
Baseline Loss : 0
Initial_DataCollection_AverageReturn : 16.75
Done logging...




********** Iteration 47 ************

Beginning logging procedure...

Collecting data for eval...
Eval_AverageReturn : 37.58333206176758
Eval_StdReturn : 19.73346710205078
Eval_MaxReturn : 80.0
Eval_MinReturn : 8.0
Eval_AverageEpLen : 37.583333333333336
Train_AverageReturn : 52.0
Train_StdReturn : 0.0
Train_MaxReturn : 52.0
Train_MinReturn : 52.0
Train_AverageEpLen : 52.0
Train_EnvstepsSoFar : 5060
TimeSinceStart : 5.981204032897949
Training Loss : 0.1234210878610611
Baseline Loss : 0
Initial_DataCollection_AverageReturn : 16.75
Done logging...




********** Iteration 48 ************

Beginning logging procedure...

Collecting data for eval...
Eval_AverageReturn : 22.052631378173828
Eval_StdReturn : 14.55470085144043
Eval_MaxReturn : 62.0
Eval_MinReturn : 6.0
Eval_AverageEpLen : 22.05263157894737
Train_AverageReturn : 36.0
Train_StdReturn : 6.0
Train_MaxReturn : 42.0
Train_MinReturn : 30.0
Train_AverageEpLen : 36.0
Train_EnvstepsSoFar : 5132
TimeSinceStart : 6.111243963241577
Training Loss : 0.014713221229612827
Baseline Loss : 0
Initial_DataCollection_AverageReturn : 16.75
Done logging...




********** Iteration 49 ************

Beginning logging procedure...

Collecting data for eval...
Eval_AverageReturn : 22.421052932739258
Eval_StdReturn : 11.089661598205566
Eval_MaxReturn : 40.0
Eval_MinReturn : 6.0
Eval_AverageEpLen : 22.42105263157895
Train_AverageReturn : 21.25
Train_StdReturn : 10.7325439453125
Train_MaxReturn : 36.0
Train_MinReturn : 11.0
Train_AverageEpLen : 21.25
Train_EnvstepsSoFar : 5217
TimeSinceStart : 6.255572080612183
Training Loss : 0.09592325985431671
Baseline Loss : 0
Initial_DataCollection_AverageReturn : 16.75
Done logging...




********** Iteration 50 ************

Beginning logging procedure...

Collecting data for eval...
Eval_AverageReturn : 25.647058486938477
Eval_StdReturn : 16.820650100708008
Eval_MaxReturn : 55.0
Eval_MinReturn : 8.0
Eval_AverageEpLen : 25.647058823529413
Train_AverageReturn : 13.0
Train_StdReturn : 3.316624879837036
Train_MaxReturn : 18.0
Train_MinReturn : 10.0
Train_AverageEpLen : 13.0
Train_EnvstepsSoFar : 5269
TimeSinceStart : 6.379212141036987
Training Loss : -0.01069748867303133
Baseline Loss : 0
Initial_DataCollection_AverageReturn : 16.75
Done logging...




********** Iteration 51 ************

Beginning logging procedure...

Collecting data for eval...
Eval_AverageReturn : 45.77777862548828
Eval_StdReturn : 21.001468658447266
Eval_MaxReturn : 95.0
Eval_MinReturn : 18.0
Eval_AverageEpLen : 45.77777777777778
Train_AverageReturn : 23.0
Train_StdReturn : 14.142135620117188
Train_MaxReturn : 43.0
Train_MinReturn : 13.0
Train_AverageEpLen : 23.0
Train_EnvstepsSoFar : 5338
TimeSinceStart : 6.5072431564331055
Training Loss : -0.022273818030953407
Baseline Loss : 0
Initial_DataCollection_AverageReturn : 16.75
Done logging...




********** Iteration 52 ************

Beginning logging procedure...

Collecting data for eval...
Eval_AverageReturn : 65.14286041259766
Eval_StdReturn : 42.309837341308594
Eval_MaxReturn : 155.0
Eval_MinReturn : 11.0
Eval_AverageEpLen : 65.14285714285714
Train_AverageReturn : 40.0
Train_StdReturn : 9.0
Train_MaxReturn : 49.0
Train_MinReturn : 31.0
Train_AverageEpLen : 40.0
Train_EnvstepsSoFar : 5418
TimeSinceStart : 6.612416744232178
Training Loss : -0.03740207105875015
Baseline Loss : 0
Initial_DataCollection_AverageReturn : 16.75
Done logging...




********** Iteration 53 ************

Beginning logging procedure...

Collecting data for eval...
Eval_AverageReturn : 1000.0
Eval_StdReturn : 0.0
Eval_MaxReturn : 1000.0
Eval_MinReturn : 1000.0
Eval_AverageEpLen : 1000.0
Train_AverageReturn : 63.0
Train_StdReturn : 0.0
Train_MaxReturn : 63.0
Train_MinReturn : 63.0
Train_AverageEpLen : 63.0
Train_EnvstepsSoFar : 5481
TimeSinceStart : 6.866903305053711
Training Loss : 0.037139907479286194
Baseline Loss : 0
Initial_DataCollection_AverageReturn : 16.75
Done logging...




********** Iteration 54 ************

Beginning logging procedure...

Collecting data for eval...
Eval_AverageReturn : 701.0
Eval_StdReturn : 0.0
Eval_MaxReturn : 701.0
Eval_MinReturn : 701.0
Eval_AverageEpLen : 701.0
Train_AverageReturn : 57.0
Train_StdReturn : 0.0
Train_MaxReturn : 57.0
Train_MinReturn : 57.0
Train_AverageEpLen : 57.0
Train_EnvstepsSoFar : 5538
TimeSinceStart : 7.004423141479492
Training Loss : 0.007947152480483055
Baseline Loss : 0
Initial_DataCollection_AverageReturn : 16.75
Done logging...




********** Iteration 55 ************

Beginning logging procedure...

Collecting data for eval...
Eval_AverageReturn : 242.5
Eval_StdReturn : 16.5
Eval_MaxReturn : 259.0
Eval_MinReturn : 226.0
Eval_AverageEpLen : 242.5
Train_AverageReturn : 172.0
Train_StdReturn : 0.0
Train_MaxReturn : 172.0
Train_MinReturn : 172.0
Train_AverageEpLen : 172.0
Train_EnvstepsSoFar : 5710
TimeSinceStart : 7.114685297012329
Training Loss : -0.0477796271443367
Baseline Loss : 0
Initial_DataCollection_AverageReturn : 16.75
Done logging...




********** Iteration 56 ************

Beginning logging procedure...

Collecting data for eval...
Eval_AverageReturn : 923.0
Eval_StdReturn : 0.0
Eval_MaxReturn : 923.0
Eval_MinReturn : 923.0
Eval_AverageEpLen : 923.0
Train_AverageReturn : 89.0
Train_StdReturn : 0.0
Train_MaxReturn : 89.0
Train_MinReturn : 89.0
Train_AverageEpLen : 89.0
Train_EnvstepsSoFar : 5799
TimeSinceStart : 7.360084772109985
Training Loss : -0.12980085611343384
Baseline Loss : 0
Initial_DataCollection_AverageReturn : 16.75
Done logging...




********** Iteration 57 ************

Beginning logging procedure...

Collecting data for eval...
Eval_AverageReturn : 410.0
Eval_StdReturn : 0.0
Eval_MaxReturn : 410.0
Eval_MinReturn : 410.0
Eval_AverageEpLen : 410.0
Train_AverageReturn : 536.0
Train_StdReturn : 0.0
Train_MaxReturn : 536.0
Train_MinReturn : 536.0
Train_AverageEpLen : 536.0
Train_EnvstepsSoFar : 6335
TimeSinceStart : 7.597118139266968
Training Loss : 0.005926058162003756
Baseline Loss : 0
Initial_DataCollection_AverageReturn : 16.75
Done logging...




********** Iteration 58 ************

Beginning logging procedure...

Collecting data for eval...
Eval_AverageReturn : 143.0
Eval_StdReturn : 63.092525482177734
Eval_MaxReturn : 209.0
Eval_MinReturn : 58.0
Eval_AverageEpLen : 143.0
Train_AverageReturn : 213.0
Train_StdReturn : 0.0
Train_MaxReturn : 213.0
Train_MinReturn : 213.0
Train_AverageEpLen : 213.0
Train_EnvstepsSoFar : 6548
TimeSinceStart : 7.749580383300781
Training Loss : 0.07327887415885925
Baseline Loss : 0
Initial_DataCollection_AverageReturn : 16.75
Done logging...




********** Iteration 59 ************

Beginning logging procedure...

Collecting data for eval...
Eval_AverageReturn : 108.5
Eval_StdReturn : 65.02499389648438
Eval_MaxReturn : 221.0
Eval_MinReturn : 66.0
Eval_AverageEpLen : 108.5
Train_AverageReturn : 73.0
Train_StdReturn : 0.0
Train_MaxReturn : 73.0
Train_MinReturn : 73.0
Train_AverageEpLen : 73.0
Train_EnvstepsSoFar : 6621
TimeSinceStart : 7.860741376876831
Training Loss : -0.16789013147354126
Baseline Loss : 0
Initial_DataCollection_AverageReturn : 16.75
Done logging...




********** Iteration 60 ************

Beginning logging procedure...

Collecting data for eval...
Eval_AverageReturn : 150.5
Eval_StdReturn : 64.67804718017578
Eval_MaxReturn : 221.0
Eval_MinReturn : 75.0
Eval_AverageEpLen : 150.5
Train_AverageReturn : 199.0
Train_StdReturn : 0.0
Train_MaxReturn : 199.0
Train_MinReturn : 199.0
Train_AverageEpLen : 199.0
Train_EnvstepsSoFar : 6820
TimeSinceStart : 8.057578325271606
Training Loss : -0.013323266059160233
Baseline Loss : 0
Initial_DataCollection_AverageReturn : 16.75
Done logging...




********** Iteration 61 ************

Beginning logging procedure...

Collecting data for eval...
Eval_AverageReturn : 59.75
Eval_StdReturn : 15.213069915771484
Eval_MaxReturn : 92.0
Eval_MinReturn : 44.0
Eval_AverageEpLen : 59.75
Train_AverageReturn : 59.0
Train_StdReturn : 0.0
Train_MaxReturn : 59.0
Train_MinReturn : 59.0
Train_AverageEpLen : 59.0
Train_EnvstepsSoFar : 6879
TimeSinceStart : 8.15994381904602
Training Loss : -0.0347306914627552
Baseline Loss : 0
Initial_DataCollection_AverageReturn : 16.75
Done logging...




********** Iteration 62 ************

Beginning logging procedure...

Collecting data for eval...
Eval_AverageReturn : 49.88888931274414
Eval_StdReturn : 8.84991455078125
Eval_MaxReturn : 65.0
Eval_MinReturn : 39.0
Eval_AverageEpLen : 49.888888888888886
Train_AverageReturn : 60.0
Train_StdReturn : 0.0
Train_MaxReturn : 60.0
Train_MinReturn : 60.0
Train_AverageEpLen : 60.0
Train_EnvstepsSoFar : 6939
TimeSinceStart : 8.277876615524292
Training Loss : 0.07719779014587402
Baseline Loss : 0
Initial_DataCollection_AverageReturn : 16.75
Done logging...




********** Iteration 63 ************

Beginning logging procedure...

Collecting data for eval...
Eval_AverageReturn : 51.0
Eval_StdReturn : 6.463572978973389
Eval_MaxReturn : 61.0
Eval_MinReturn : 42.0
Eval_AverageEpLen : 51.0
Train_AverageReturn : 78.0
Train_StdReturn : 0.0
Train_MaxReturn : 78.0
Train_MinReturn : 78.0
Train_AverageEpLen : 78.0
Train_EnvstepsSoFar : 7017
TimeSinceStart : 8.384756088256836
Training Loss : 0.00816298183053732
Baseline Loss : 0
Initial_DataCollection_AverageReturn : 16.75
Done logging...




********** Iteration 64 ************

Beginning logging procedure...

Collecting data for eval...
Eval_AverageReturn : 108.0
Eval_StdReturn : 77.82351684570312
Eval_MaxReturn : 242.0
Eval_MinReturn : 55.0
Eval_AverageEpLen : 108.0
Train_AverageReturn : 54.0
Train_StdReturn : 0.0
Train_MaxReturn : 54.0
Train_MinReturn : 54.0
Train_AverageEpLen : 54.0
Train_EnvstepsSoFar : 7071
TimeSinceStart : 8.485242366790771
Training Loss : -0.14265888929367065
Baseline Loss : 0
Initial_DataCollection_AverageReturn : 16.75
Done logging...




********** Iteration 65 ************

Beginning logging procedure...

Collecting data for eval...
Eval_AverageReturn : 46.11111068725586
Eval_StdReturn : 11.376822471618652
Eval_MaxReturn : 77.0
Eval_MinReturn : 39.0
Eval_AverageEpLen : 46.111111111111114
Train_AverageReturn : 53.0
Train_StdReturn : 0.0
Train_MaxReturn : 53.0
Train_MinReturn : 53.0
Train_AverageEpLen : 53.0
Train_EnvstepsSoFar : 7124
TimeSinceStart : 8.564644813537598
Training Loss : -0.05169733613729477
Baseline Loss : 0
Initial_DataCollection_AverageReturn : 16.75
Done logging...




********** Iteration 66 ************

Beginning logging procedure...

Collecting data for eval...
Eval_AverageReturn : 50.125
Eval_StdReturn : 8.766947746276855
Eval_MaxReturn : 67.0
Eval_MinReturn : 42.0
Eval_AverageEpLen : 50.125
Train_AverageReturn : 47.5
Train_StdReturn : 0.5
Train_MaxReturn : 48.0
Train_MinReturn : 47.0
Train_AverageEpLen : 47.5
Train_EnvstepsSoFar : 7219
TimeSinceStart : 8.652837753295898
Training Loss : 0.01616259291768074
Baseline Loss : 0
Initial_DataCollection_AverageReturn : 16.75
Done logging...




********** Iteration 67 ************

Beginning logging procedure...

Collecting data for eval...
Eval_AverageReturn : 48.66666793823242
Eval_StdReturn : 5.456902027130127
Eval_MaxReturn : 58.0
Eval_MinReturn : 42.0
Eval_AverageEpLen : 48.666666666666664
Train_AverageReturn : 55.0
Train_StdReturn : 6.0
Train_MaxReturn : 61.0
Train_MinReturn : 49.0
Train_AverageEpLen : 55.0
Train_EnvstepsSoFar : 7329
TimeSinceStart : 8.785811424255371
Training Loss : -0.07074394822120667
Baseline Loss : 0
Initial_DataCollection_AverageReturn : 16.75
Done logging...




********** Iteration 68 ************

Beginning logging procedure...

Collecting data for eval...
Eval_AverageReturn : 60.0
Eval_StdReturn : 17.00735092163086
Eval_MaxReturn : 92.0
Eval_MinReturn : 41.0
Eval_AverageEpLen : 60.0
Train_AverageReturn : 55.0
Train_StdReturn : 0.0
Train_MaxReturn : 55.0
Train_MinReturn : 55.0
Train_AverageEpLen : 55.0
Train_EnvstepsSoFar : 7384
TimeSinceStart : 8.910287141799927
Training Loss : 0.06420294940471649
Baseline Loss : 0
Initial_DataCollection_AverageReturn : 16.75
Done logging...




********** Iteration 69 ************

Beginning logging procedure...

Collecting data for eval...
Eval_AverageReturn : 69.66666412353516
Eval_StdReturn : 16.20356559753418
Eval_MaxReturn : 96.0
Eval_MinReturn : 49.0
Eval_AverageEpLen : 69.66666666666667
Train_AverageReturn : 71.0
Train_StdReturn : 0.0
Train_MaxReturn : 71.0
Train_MinReturn : 71.0
Train_AverageEpLen : 71.0
Train_EnvstepsSoFar : 7455
TimeSinceStart : 8.996111154556274
Training Loss : 0.07961563020944595
Baseline Loss : 0
Initial_DataCollection_AverageReturn : 16.75
Done logging...




********** Iteration 70 ************

Beginning logging procedure...

Collecting data for eval...
Eval_AverageReturn : 100.5999984741211
Eval_StdReturn : 35.4208984375
Eval_MaxReturn : 157.0
Eval_MinReturn : 58.0
Eval_AverageEpLen : 100.6
Train_AverageReturn : 57.0
Train_StdReturn : 0.0
Train_MaxReturn : 57.0
Train_MinReturn : 57.0
Train_AverageEpLen : 57.0
Train_EnvstepsSoFar : 7512
TimeSinceStart : 9.104356050491333
Training Loss : 0.046456918120384216
Baseline Loss : 0
Initial_DataCollection_AverageReturn : 16.75
Done logging...




********** Iteration 71 ************

Beginning logging procedure...

Collecting data for eval...
Eval_AverageReturn : 217.5
Eval_StdReturn : 138.5
Eval_MaxReturn : 356.0
Eval_MinReturn : 79.0
Eval_AverageEpLen : 217.5
Train_AverageReturn : 128.0
Train_StdReturn : 0.0
Train_MaxReturn : 128.0
Train_MinReturn : 128.0
Train_AverageEpLen : 128.0
Train_EnvstepsSoFar : 7640
TimeSinceStart : 9.211162090301514
Training Loss : 0.05040307343006134
Baseline Loss : 0
Initial_DataCollection_AverageReturn : 16.75
Done logging...




********** Iteration 72 ************

Beginning logging procedure...

Collecting data for eval...
Eval_AverageReturn : 1000.0
Eval_StdReturn : 0.0
Eval_MaxReturn : 1000.0
Eval_MinReturn : 1000.0
Eval_AverageEpLen : 1000.0
Train_AverageReturn : 223.0
Train_StdReturn : 0.0
Train_MaxReturn : 223.0
Train_MinReturn : 223.0
Train_AverageEpLen : 223.0
Train_EnvstepsSoFar : 7863
TimeSinceStart : 9.520313739776611
Training Loss : 0.05744073539972305
Baseline Loss : 0
Initial_DataCollection_AverageReturn : 16.75
Done logging...




********** Iteration 73 ************

Beginning logging procedure...

Collecting data for eval...
Eval_AverageReturn : 1000.0
Eval_StdReturn : 0.0
Eval_MaxReturn : 1000.0
Eval_MinReturn : 1000.0
Eval_AverageEpLen : 1000.0
Train_AverageReturn : 492.0
Train_StdReturn : 0.0
Train_MaxReturn : 492.0
Train_MinReturn : 492.0
Train_AverageEpLen : 492.0
Train_EnvstepsSoFar : 8355
TimeSinceStart : 9.821347951889038
Training Loss : -0.01962728053331375
Baseline Loss : 0
Initial_DataCollection_AverageReturn : 16.75
Done logging...




********** Iteration 74 ************

Beginning logging procedure...

Collecting data for eval...
Eval_AverageReturn : 1000.0
Eval_StdReturn : 0.0
Eval_MaxReturn : 1000.0
Eval_MinReturn : 1000.0
Eval_AverageEpLen : 1000.0
Train_AverageReturn : 1000.0
Train_StdReturn : 0.0
Train_MaxReturn : 1000.0
Train_MinReturn : 1000.0
Train_AverageEpLen : 1000.0
Train_EnvstepsSoFar : 9355
TimeSinceStart : 10.32944130897522
Training Loss : -0.014907211065292358
Baseline Loss : 0
Initial_DataCollection_AverageReturn : 16.75
Done logging...




********** Iteration 75 ************

Beginning logging procedure...

Collecting data for eval...
Eval_AverageReturn : 1000.0
Eval_StdReturn : 0.0
Eval_MaxReturn : 1000.0
Eval_MinReturn : 1000.0
Eval_AverageEpLen : 1000.0
Train_AverageReturn : 1000.0
Train_StdReturn : 0.0
Train_MaxReturn : 1000.0
Train_MinReturn : 1000.0
Train_AverageEpLen : 1000.0
Train_EnvstepsSoFar : 10355
TimeSinceStart : 10.783141374588013
Training Loss : 0.03425045311450958
Baseline Loss : 0
Initial_DataCollection_AverageReturn : 16.75
Done logging...




********** Iteration 76 ************

Beginning logging procedure...

Collecting data for eval...
Eval_AverageReturn : 1000.0
Eval_StdReturn : 0.0
Eval_MaxReturn : 1000.0
Eval_MinReturn : 1000.0
Eval_AverageEpLen : 1000.0
Train_AverageReturn : 1000.0
Train_StdReturn : 0.0
Train_MaxReturn : 1000.0
Train_MinReturn : 1000.0
Train_AverageEpLen : 1000.0
Train_EnvstepsSoFar : 11355
TimeSinceStart : 11.257897853851318
Training Loss : 0.024363471195101738
Baseline Loss : 0
Initial_DataCollection_AverageReturn : 16.75
Done logging...




********** Iteration 77 ************

Beginning logging procedure...

Collecting data for eval...
Eval_AverageReturn : 1000.0
Eval_StdReturn : 0.0
Eval_MaxReturn : 1000.0
Eval_MinReturn : 1000.0
Eval_AverageEpLen : 1000.0
Train_AverageReturn : 1000.0
Train_StdReturn : 0.0
Train_MaxReturn : 1000.0
Train_MinReturn : 1000.0
Train_AverageEpLen : 1000.0
Train_EnvstepsSoFar : 12355
TimeSinceStart : 11.706384181976318
Training Loss : 0.007373154629021883
Baseline Loss : 0
Initial_DataCollection_AverageReturn : 16.75
Done logging...




********** Iteration 78 ************

Beginning logging procedure...

Collecting data for eval...
Eval_AverageReturn : 1000.0
Eval_StdReturn : 0.0
Eval_MaxReturn : 1000.0
Eval_MinReturn : 1000.0
Eval_AverageEpLen : 1000.0
Train_AverageReturn : 1000.0
Train_StdReturn : 0.0
Train_MaxReturn : 1000.0
Train_MinReturn : 1000.0
Train_AverageEpLen : 1000.0
Train_EnvstepsSoFar : 13355
TimeSinceStart : 12.251627206802368
Training Loss : 0.0367615707218647
Baseline Loss : 0
Initial_DataCollection_AverageReturn : 16.75
Done logging...




********** Iteration 79 ************

Beginning logging procedure...

Collecting data for eval...
Eval_AverageReturn : 1000.0
Eval_StdReturn : 0.0
Eval_MaxReturn : 1000.0
Eval_MinReturn : 1000.0
Eval_AverageEpLen : 1000.0
Train_AverageReturn : 1000.0
Train_StdReturn : 0.0
Train_MaxReturn : 1000.0
Train_MinReturn : 1000.0
Train_AverageEpLen : 1000.0
Train_EnvstepsSoFar : 14355
TimeSinceStart : 12.782058238983154
Training Loss : 0.018950534984469414
Baseline Loss : 0
Initial_DataCollection_AverageReturn : 16.75
Done logging...




********** Iteration 80 ************

Beginning logging procedure...

Collecting data for eval...
Eval_AverageReturn : 654.5
Eval_StdReturn : 345.5
Eval_MaxReturn : 1000.0
Eval_MinReturn : 309.0
Eval_AverageEpLen : 654.5
Train_AverageReturn : 1000.0
Train_StdReturn : 0.0
Train_MaxReturn : 1000.0
Train_MinReturn : 1000.0
Train_AverageEpLen : 1000.0
Train_EnvstepsSoFar : 15355
TimeSinceStart : 13.28815484046936
Training Loss : 0.004256156738847494
Baseline Loss : 0
Initial_DataCollection_AverageReturn : 16.75
Done logging...




********** Iteration 81 ************

Beginning logging procedure...

Collecting data for eval...
Eval_AverageReturn : 1000.0
Eval_StdReturn : 0.0
Eval_MaxReturn : 1000.0
Eval_MinReturn : 1000.0
Eval_AverageEpLen : 1000.0
Train_AverageReturn : 1000.0
Train_StdReturn : 0.0
Train_MaxReturn : 1000.0
Train_MinReturn : 1000.0
Train_AverageEpLen : 1000.0
Train_EnvstepsSoFar : 16355
TimeSinceStart : 13.745939016342163
Training Loss : 0.005491842050105333
Baseline Loss : 0
Initial_DataCollection_AverageReturn : 16.75
Done logging...




********** Iteration 82 ************

Beginning logging procedure...

Collecting data for eval...
Eval_AverageReturn : 1000.0
Eval_StdReturn : 0.0
Eval_MaxReturn : 1000.0
Eval_MinReturn : 1000.0
Eval_AverageEpLen : 1000.0
Train_AverageReturn : 1000.0
Train_StdReturn : 0.0
Train_MaxReturn : 1000.0
Train_MinReturn : 1000.0
Train_AverageEpLen : 1000.0
Train_EnvstepsSoFar : 17355
TimeSinceStart : 14.127644062042236
Training Loss : -0.002870298456400633
Baseline Loss : 0
Initial_DataCollection_AverageReturn : 16.75
Done logging...




********** Iteration 83 ************

Beginning logging procedure...

Collecting data for eval...
Eval_AverageReturn : 1000.0
Eval_StdReturn : 0.0
Eval_MaxReturn : 1000.0
Eval_MinReturn : 1000.0
Eval_AverageEpLen : 1000.0
Train_AverageReturn : 1000.0
Train_StdReturn : 0.0
Train_MaxReturn : 1000.0
Train_MinReturn : 1000.0
Train_AverageEpLen : 1000.0
Train_EnvstepsSoFar : 18355
TimeSinceStart : 14.580827236175537
Training Loss : -0.047617632895708084
Baseline Loss : 0
Initial_DataCollection_AverageReturn : 16.75
Done logging...




********** Iteration 84 ************

Beginning logging procedure...

Collecting data for eval...
Eval_AverageReturn : 1000.0
Eval_StdReturn : 0.0
Eval_MaxReturn : 1000.0
Eval_MinReturn : 1000.0
Eval_AverageEpLen : 1000.0
Train_AverageReturn : 1000.0
Train_StdReturn : 0.0
Train_MaxReturn : 1000.0
Train_MinReturn : 1000.0
Train_AverageEpLen : 1000.0
Train_EnvstepsSoFar : 19355
TimeSinceStart : 14.978604793548584
Training Loss : -0.019781213253736496
Baseline Loss : 0
Initial_DataCollection_AverageReturn : 16.75
Done logging...




********** Iteration 85 ************

Beginning logging procedure...

Collecting data for eval...
Eval_AverageReturn : 1000.0
Eval_StdReturn : 0.0
Eval_MaxReturn : 1000.0
Eval_MinReturn : 1000.0
Eval_AverageEpLen : 1000.0
Train_AverageReturn : 1000.0
Train_StdReturn : 0.0
Train_MaxReturn : 1000.0
Train_MinReturn : 1000.0
Train_AverageEpLen : 1000.0
Train_EnvstepsSoFar : 20355
TimeSinceStart : 15.44874358177185
Training Loss : 0.000576749793253839
Baseline Loss : 0
Initial_DataCollection_AverageReturn : 16.75
Done logging...




********** Iteration 86 ************

Beginning logging procedure...

Collecting data for eval...
Eval_AverageReturn : 1000.0
Eval_StdReturn : 0.0
Eval_MaxReturn : 1000.0
Eval_MinReturn : 1000.0
Eval_AverageEpLen : 1000.0
Train_AverageReturn : 1000.0
Train_StdReturn : 0.0
Train_MaxReturn : 1000.0
Train_MinReturn : 1000.0
Train_AverageEpLen : 1000.0
Train_EnvstepsSoFar : 21355
TimeSinceStart : 15.887216329574585
Training Loss : 0.012325800955295563
Baseline Loss : 0
Initial_DataCollection_AverageReturn : 16.75
Done logging...




********** Iteration 87 ************

Beginning logging procedure...

Collecting data for eval...
Eval_AverageReturn : 1000.0
Eval_StdReturn : 0.0
Eval_MaxReturn : 1000.0
Eval_MinReturn : 1000.0
Eval_AverageEpLen : 1000.0
Train_AverageReturn : 442.0
Train_StdReturn : 0.0
Train_MaxReturn : 442.0
Train_MinReturn : 442.0
Train_AverageEpLen : 442.0
Train_EnvstepsSoFar : 21797
TimeSinceStart : 16.192874431610107
Training Loss : 0.011801346205174923
Baseline Loss : 0
Initial_DataCollection_AverageReturn : 16.75
Done logging...




********** Iteration 88 ************

Beginning logging procedure...

Collecting data for eval...
Eval_AverageReturn : 1000.0
Eval_StdReturn : 0.0
Eval_MaxReturn : 1000.0
Eval_MinReturn : 1000.0
Eval_AverageEpLen : 1000.0
Train_AverageReturn : 1000.0
Train_StdReturn : 0.0
Train_MaxReturn : 1000.0
Train_MinReturn : 1000.0
Train_AverageEpLen : 1000.0
Train_EnvstepsSoFar : 22797
TimeSinceStart : 16.6240553855896
Training Loss : 0.01563689112663269
Baseline Loss : 0
Initial_DataCollection_AverageReturn : 16.75
Done logging...




********** Iteration 89 ************

Beginning logging procedure...

Collecting data for eval...
Eval_AverageReturn : 1000.0
Eval_StdReturn : 0.0
Eval_MaxReturn : 1000.0
Eval_MinReturn : 1000.0
Eval_AverageEpLen : 1000.0
Train_AverageReturn : 1000.0
Train_StdReturn : 0.0
Train_MaxReturn : 1000.0
Train_MinReturn : 1000.0
Train_AverageEpLen : 1000.0
Train_EnvstepsSoFar : 23797
TimeSinceStart : 17.038415670394897
Training Loss : -0.05243655666708946
Baseline Loss : 0
Initial_DataCollection_AverageReturn : 16.75
Done logging...




********** Iteration 90 ************

Beginning logging procedure...

Collecting data for eval...
Eval_AverageReturn : 1000.0
Eval_StdReturn : 0.0
Eval_MaxReturn : 1000.0
Eval_MinReturn : 1000.0
Eval_AverageEpLen : 1000.0
Train_AverageReturn : 1000.0
Train_StdReturn : 0.0
Train_MaxReturn : 1000.0
Train_MinReturn : 1000.0
Train_AverageEpLen : 1000.0
Train_EnvstepsSoFar : 24797
TimeSinceStart : 17.457566261291504
Training Loss : -0.013127359561622143
Baseline Loss : 0
Initial_DataCollection_AverageReturn : 16.75
Done logging...




********** Iteration 91 ************

Beginning logging procedure...

Collecting data for eval...
Eval_AverageReturn : 723.0
Eval_StdReturn : 0.0
Eval_MaxReturn : 723.0
Eval_MinReturn : 723.0
Eval_AverageEpLen : 723.0
Train_AverageReturn : 1000.0
Train_StdReturn : 0.0
Train_MaxReturn : 1000.0
Train_MinReturn : 1000.0
Train_AverageEpLen : 1000.0
Train_EnvstepsSoFar : 25797
TimeSinceStart : 17.789623498916626
Training Loss : -0.01173375640064478
Baseline Loss : 0
Initial_DataCollection_AverageReturn : 16.75
Done logging...




********** Iteration 92 ************

Beginning logging procedure...

Collecting data for eval...
Eval_AverageReturn : 1000.0
Eval_StdReturn : 0.0
Eval_MaxReturn : 1000.0
Eval_MinReturn : 1000.0
Eval_AverageEpLen : 1000.0
Train_AverageReturn : 1000.0
Train_StdReturn : 0.0
Train_MaxReturn : 1000.0
Train_MinReturn : 1000.0
Train_AverageEpLen : 1000.0
Train_EnvstepsSoFar : 26797
TimeSinceStart : 18.215237855911255
Training Loss : 0.010643964633345604
Baseline Loss : 0
Initial_DataCollection_AverageReturn : 16.75
Done logging...




********** Iteration 93 ************

Beginning logging procedure...

Collecting data for eval...
Eval_AverageReturn : 426.0
Eval_StdReturn : 388.2070007324219
Eval_MaxReturn : 975.0
Eval_MinReturn : 149.0
Eval_AverageEpLen : 426.0
Train_AverageReturn : 456.0
Train_StdReturn : 0.0
Train_MaxReturn : 456.0
Train_MinReturn : 456.0
Train_AverageEpLen : 456.0
Train_EnvstepsSoFar : 27253
TimeSinceStart : 18.58358097076416
Training Loss : -0.04344446212053299
Baseline Loss : 0
Initial_DataCollection_AverageReturn : 16.75
Done logging...




********** Iteration 94 ************

Beginning logging procedure...

Collecting data for eval...
Eval_AverageReturn : 549.0
Eval_StdReturn : 0.0
Eval_MaxReturn : 549.0
Eval_MinReturn : 549.0
Eval_AverageEpLen : 549.0
Train_AverageReturn : 345.0
Train_StdReturn : 0.0
Train_MaxReturn : 345.0
Train_MinReturn : 345.0
Train_AverageEpLen : 345.0
Train_EnvstepsSoFar : 27598
TimeSinceStart : 18.751113176345825
Training Loss : -0.0013527884148061275
Baseline Loss : 0
Initial_DataCollection_AverageReturn : 16.75
Done logging...




********** Iteration 95 ************

Beginning logging procedure...

Collecting data for eval...
Eval_AverageReturn : 229.0
Eval_StdReturn : 76.0
Eval_MaxReturn : 305.0
Eval_MinReturn : 153.0
Eval_AverageEpLen : 229.0
Train_AverageReturn : 310.0
Train_StdReturn : 0.0
Train_MaxReturn : 310.0
Train_MinReturn : 310.0
Train_AverageEpLen : 310.0
Train_EnvstepsSoFar : 27908
TimeSinceStart : 18.93986225128174
Training Loss : -0.027736051008105278
Baseline Loss : 0
Initial_DataCollection_AverageReturn : 16.75
Done logging...




********** Iteration 96 ************

Beginning logging procedure...

Collecting data for eval...
Eval_AverageReturn : 102.5
Eval_StdReturn : 100.4726333618164
Eval_MaxReturn : 276.0
Eval_MinReturn : 34.0
Eval_AverageEpLen : 102.5
Train_AverageReturn : 119.0
Train_StdReturn : 0.0
Train_MaxReturn : 119.0
Train_MinReturn : 119.0
Train_AverageEpLen : 119.0
Train_EnvstepsSoFar : 28027
TimeSinceStart : 19.040499210357666
Training Loss : -0.013182060793042183
Baseline Loss : 0
Initial_DataCollection_AverageReturn : 16.75
Done logging...




********** Iteration 97 ************

Beginning logging procedure...

Collecting data for eval...
Eval_AverageReturn : 110.0
Eval_StdReturn : 56.10258483886719
Eval_MaxReturn : 188.0
Eval_MinReturn : 31.0
Eval_AverageEpLen : 110.0
Train_AverageReturn : 113.0
Train_StdReturn : 0.0
Train_MaxReturn : 113.0
Train_MinReturn : 113.0
Train_AverageEpLen : 113.0
Train_EnvstepsSoFar : 28140
TimeSinceStart : 19.196907997131348
Training Loss : 0.025417882949113846
Baseline Loss : 0
Initial_DataCollection_AverageReturn : 16.75
Done logging...




********** Iteration 98 ************

Beginning logging procedure...

Collecting data for eval...
Eval_AverageReturn : 201.0
Eval_StdReturn : 84.0
Eval_MaxReturn : 285.0
Eval_MinReturn : 117.0
Eval_AverageEpLen : 201.0
Train_AverageReturn : 222.0
Train_StdReturn : 0.0
Train_MaxReturn : 222.0
Train_MinReturn : 222.0
Train_AverageEpLen : 222.0
Train_EnvstepsSoFar : 28362
TimeSinceStart : 19.332013607025146
Training Loss : -0.007244642823934555
Baseline Loss : 0
Initial_DataCollection_AverageReturn : 16.75
Done logging...




********** Iteration 99 ************

Beginning logging procedure...

Collecting data for eval...
Eval_AverageReturn : 106.0
Eval_StdReturn : 56.79348373413086
Eval_MaxReturn : 195.0
Eval_MinReturn : 50.0
Eval_AverageEpLen : 106.0
Train_AverageReturn : 712.0
Train_StdReturn : 0.0
Train_MaxReturn : 712.0
Train_MinReturn : 712.0
Train_AverageEpLen : 712.0
Train_EnvstepsSoFar : 29074
TimeSinceStart : 19.561333656311035
Training Loss : -0.013656259514391422
Baseline Loss : 0
Initial_DataCollection_AverageReturn : 16.75
Done logging...


